ASxxxx Linker V03.00 + NoICE + sdld,  page 1.
Hexadecimal  [32-Bits]

Area                       Addr        Size        Decimal Bytes (Attributes)
--------------------       ----        ----        ------- ----- ------------
.  .ABS.               00000000    00000000 =           0. bytes (ABS,CON)

        Value  Global            Value  Global            Value  Global    
        -----  ------            -----  ------            -----  ------    
     00000000  .__.ABS.  |    00000000  ___bank_b |    00000000  _rRAMG   
     00000000  l__BASE   |    00000000  l__BSS    |    00000000  l__CABS  
     00000000  l__CODE_0 |    00000000  l__DABS   |    00000000  l__FONT_H
     00000000  l__HEADER |    00000000  l__HEADER |    00000000  l__HEAP  
     00000000  l__HRAM   |    00000000  l__LIT    |    00000000  s__CABS  
     00000000  s__DABS   |    00000000  s__FONT_H |    00000000  s__FONT_H
     00000000  s__HEADER |    00000000  s__HEADER |    00000000  s__HEADER
     00000000  s__HEADER |    00000000  s__HEADER |    00000000  s__HEADER
     00000000  s__HEADER |    00000000  s__HEADER |    00000000  s__HEADER
     00000000  s__HEADER |    00000000  s__HEADER |    00000000  s__HEADER
     00000000  s__HEADER |    00000000  s__HEADER |    00000000  s__HEADER
     00000000  s__HEADER |    00000000  s__HEADER |    00000000  s__HEADER
     00000000  s__HEADER |    00000000  s__HEADER |    00000000  s__HEADER
     00000000  s__HRAM   |    00000000  s__HRAM12 |    00000001  l__GSFINA
     00000001  l__HEADER |    00000001  l__HEADER |    00000001  l__HEADER
     00000001  l__HEADER |    00000001  l__HEADER |    00000001  l__HEADER
     00000001  l__HEADER |    00000002  l__HEADER |    00000002  l__HEADER
     00000002  l__HEADER |    00000003  l__FONT_H |    00000003  l__HEADER
     00000003  l__HEADER |    00000003  l__HRAM12 |    00000005  l__HEADER
     00000006  l__HEADER |    00000007  l__HEADER |    00000008  l__HEADER
     0000000C  l__GSINIT |    00000030  l__HEADER |    0000004A  l__INITIA
     0000004A  l__INITIA |    0000004E  l__HEADER |    00000082  l__HEADER
     00000200  s__CODE   |    0000034C  l__DATA   |    00000B26  l__HOME  
     00002000  _rROMB0   |    00003000  _rROMB1   |    00004000  _rRAMB   
     00005BFB  l__CODE   |    00005DFB  s__HOME   |    00006921  s__BASE  
     00006921  s__CODE_0 |    00006921  s__INITIA |    00006921  s__LIT   
     0000696B  s__GSINIT |    00006977  s__GSFINA |    00008000  __VRAM   
     00008000  __VRAM800 |    00008800  __VRAM880 |    00009000  __VRAM900
     00009800  __SCRN0   |    00009C00  __SCRN1   |    0000A000  __SRAM   
     0000C000  __RAM     |    0000C000  _shadow_O |    0000C0A0  s__DATA  
     0000C3EC  s__BSS    |    0000C3EC  s__INITIA |    0000C436  s__HEAP  
     0000D000  __RAMBANK |    0000E000  .STACK    |    0000FE00  __OAMRAM 
     0000FF00  _P1_REG   |    0000FF00  __IO      |    0000FF01  _SB_REG  
     0000FF02  _SC_REG   |    0000FF04  _DIV_REG  |    0000FF05  _TIMA_REG
     0000FF06  _TMA_REG  |    0000FF07  _TAC_REG  |    0000FF0F  _IF_REG  
     0000FF10  _NR10_REG |    0000FF11  _NR11_REG |    0000FF12  _NR12_REG
     0000FF13  _NR13_REG |    0000FF14  _NR14_REG |    0000FF16  _NR21_REG
     0000FF17  _NR22_REG |    0000FF18  _NR23_REG |    0000FF19  _NR24_REG
     0000FF1A  _NR30_REG |    0000FF1B  _NR31_REG |    0000FF1C  _NR32_REG
     0000FF1D  _NR33_REG |    0000FF1E  _NR34_REG |    0000FF20  _NR41_REG
     0000FF21  _NR42_REG |    0000FF22  _NR43_REG |    0000FF23  _NR44_REG
     0000FF24  _NR50_REG |    0000FF25  _NR51_REG |    0000FF26  _NR52_REG
     0000FF30  _AUD3WAVE |    0000FF30  _PCM_SAMP |    0000FF30  __AUD3WAV
     0000FF41  _STAT_REG |    0000FF42  _SCY_REG  |    0000FF43  _SCX_REG 
     0000FF44  _LY_REG   |    0000FF45  _LYC_REG  |    0000FF46  _DMA_REG 
     0000FF47  _BGP_REG  |    0000FF48  _OBP0_REG |    0000FF49  _OBP1_REG
     0000FF4A  _WY_REG   |    0000FF4B  _WX_REG   |    0000FF4D  _KEY1_REG
     0000FF4E  _LCDC_REG |    0000FF4F  _VBK_REG  |    0000FF51  _HDMA1_RE
     0000FF52  _HDMA2_RE |    0000FF53  _HDMA3_RE |    0000FF54  _HDMA4_RE
     0000FF55  _HDMA5_RE |    0000FF56  _RP_REG   |    0000FF68  _BCPS_REG
ASxxxx Linker V03.00 + NoICE + sdld,  page 2.
Hexadecimal  [32-Bits]

Area                       Addr        Size        Decimal Bytes (Attributes)
--------------------       ----        ----        ------- ----- ------------
.  .ABS.               00000000    00000000 =           0. bytes (ABS,CON)

        Value  Global            Value  Global            Value  Global    
        -----  ------            -----  ------            -----  ------    
     0000FF69  _BCPD_REG |    0000FF6A  _OCPS_REG |    0000FF6B  _OCPD_REG
     0000FF70  _SVBK_REG |    0000FF76  _PCM12_RE |    0000FF77  _PCM34_RE
     0000FF80  .refresh_ |    0000FF80  __HRAM    |    0000FFFF  _IE_REG  
ASxxxx Linker V03.00 + NoICE + sdld,  page 3.
Hexadecimal  [32-Bits]

Area                       Addr        Size        Decimal Bytes (Attributes)
--------------------       ----        ----        ------- ----- ------------
_CODE                  00000200    00005BFB =       23547. bytes (REL,CON)

        Value  Global            Value  Global            Value  Global    
        -----  ------            -----  ------            -----  ------    
     00000200  _init_sgb |    00000230  _init_fon |    00000241  _init_pal
     000002A6  _init_til |    00000300  _init_spr |    00000336  _init_sou
     00000363  _main     |    0000050D  _get_terr |    0000058C  _remove_i
     00000AB6  _generate |    00000BED  _generate |    00000EBB  _display_
     00000F4E  _prng     |    000010FB  _interpol |    00001166  _pirate_s
     00001193  _wait     |    000011A7  _load_spr |    000011ED  _position
     00001248  _show_men |    0000148C  _change_i |    00001498  _interact
     00001606  _attack   |    00001607  _check_in |    0000166D  _adjust_p
     00001792  _check_mo |    00001872  _load_sav |    00001991  _save_dat
     00001A90  _set_sgb_ |    00001C79  ___func_b |    00001C79  _border_d
     00001CB9  _border_d |    00003879  _border_d |    00003F79  _player_s
     00003FDB  _landscap |    00004130  _phrase_l |    0000506C  _wellerma
     00005081  _set_spri |    00005086  _set_bkg_ |    00005089  .set_pale
     000050A8  _set_spri |    000050AD  _set_bkg_ |    000050B0  .set_pale
     000050CC  _hUGE_ini |    000050D0  _hUGE_ini |    000050DB  _hUGE_mut
     000050DF  _hUGE_mut |    000050EC  hUGE_mute |    00005106  _hUGE_set
     0000510A  _hUGE_set |    00005113  hUGE_init |    0000538E  hUGE_set_
     00005537  _hUGE_dos |    00005537  _hUGE_dos |    0000584B  _set_vram
     0000585A  _set_win_ |    00005862  _set_bkg_ |    0000588C  .sgb_chec
     0000588C  _sgb_chec |    000058D4  _sgb_tran |    000058D9  .sgb_tran
     0000591A  _printf   |    00005933  _gb_decom |    0000593C  gb_decomp
     00005A43  ___printf |    00005DDA  _sprintf 
ASxxxx Linker V03.00 + NoICE + sdld,  page 4.
Hexadecimal  [32-Bits]

Area                       Addr        Size        Decimal Bytes (Attributes)
--------------------       ----        ----        ------- ----- ------------
_HEADER0               00000000    00000001 =           1. bytes (ABS,CON)

        Value  Global            Value  Global            Value  Global    
        -----  ------            -----  ------            -----  ------    
     00000020  .call_hl 
ASxxxx Linker V03.00 + NoICE + sdld,  page 5.
Hexadecimal  [32-Bits]

Area                       Addr        Size        Decimal Bytes (Attributes)
--------------------       ----        ----        ------- ----- ------------
_HEADER1               00000000    00000005 =           5. bytes (ABS,CON)

        Value  Global            Value  Global            Value  Global    
        -----  ------            -----  ------            -----  ------    
     00000028  .MemsetSm
ASxxxx Linker V03.00 + NoICE + sdld,  page 6.
Hexadecimal  [32-Bits]

Area                       Addr        Size        Decimal Bytes (Attributes)
--------------------       ----        ----        ------- ----- ------------
_HEADER2               00000000    00000007 =           7. bytes (ABS,CON)

        Value  Global            Value  Global            Value  Global    
        -----  ------            -----  ------            -----  ------    
     00000030  .MemcpySm
ASxxxx Linker V03.00 + NoICE + sdld,  page 7.
Hexadecimal  [32-Bits]

Area                       Addr        Size        Decimal Bytes (Attributes)
--------------------       ----        ----        ------- ----- ------------
_HEADER3               00000000    00000008 =           8. bytes (ABS,CON)

        Value  Global            Value  Global            Value  Global    
        -----  ------            -----  ------            -----  ------    
ASxxxx Linker V03.00 + NoICE + sdld,  page 8.
Hexadecimal  [32-Bits]

Area                       Addr        Size        Decimal Bytes (Attributes)
--------------------       ----        ----        ------- ----- ------------
_HEADER4               00000000    0000004E =          78. bytes (ABS,CON)

        Value  Global            Value  Global            Value  Global    
        -----  ------            -----  ------            -----  ------    
     00000080  .int      |    0000008F  _wait_int |    0000009C  __standar
     000000AC  _refresh_
ASxxxx Linker V03.00 + NoICE + sdld,  page 9.
Hexadecimal  [32-Bits]

Area                       Addr        Size        Decimal Bytes (Attributes)
--------------------       ----        ----        ------- ----- ------------
_HEADER5               00000000    00000002 =           2. bytes (ABS,CON)

        Value  Global            Value  Global            Value  Global    
        -----  ------            -----  ------            -----  ------    
ASxxxx Linker V03.00 + NoICE + sdld,  page 10.
Hexadecimal  [32-Bits]

Area                       Addr        Size        Decimal Bytes (Attributes)
--------------------       ----        ----        ------- ----- ------------
_HEADER6               00000000    00000030 =          48. bytes (ABS,CON)

        Value  Global            Value  Global            Value  Global    
        -----  ------            -----  ------            -----  ------    
ASxxxx Linker V03.00 + NoICE + sdld,  page 11.
Hexadecimal  [32-Bits]

Area                       Addr        Size        Decimal Bytes (Attributes)
--------------------       ----        ----        ------- ----- ------------
_HEADER7               00000000    00000006 =           6. bytes (ABS,CON)

        Value  Global            Value  Global            Value  Global    
        -----  ------            -----  ------            -----  ------    
ASxxxx Linker V03.00 + NoICE + sdld,  page 12.
Hexadecimal  [32-Bits]

Area                       Addr        Size        Decimal Bytes (Attributes)
--------------------       ----        ----        ------- ----- ------------
_HEADER8               00000000    00000003 =           3. bytes (ABS,CON)

        Value  Global            Value  Global            Value  Global    
        -----  ------            -----  ------            -----  ------    
ASxxxx Linker V03.00 + NoICE + sdld,  page 13.
Hexadecimal  [32-Bits]

Area                       Addr        Size        Decimal Bytes (Attributes)
--------------------       ----        ----        ------- ----- ------------
_HEADER9               00000000    00000001 =           1. bytes (ABS,CON)

        Value  Global            Value  Global            Value  Global    
        -----  ------            -----  ------            -----  ------    
ASxxxx Linker V03.00 + NoICE + sdld,  page 14.
Hexadecimal  [32-Bits]

Area                       Addr        Size        Decimal Bytes (Attributes)
--------------------       ----        ----        ------- ----- ------------
_HEADERa               00000000    00000001 =           1. bytes (ABS,CON)

        Value  Global            Value  Global            Value  Global    
        -----  ------            -----  ------            -----  ------    
ASxxxx Linker V03.00 + NoICE + sdld,  page 15.
Hexadecimal  [32-Bits]

Area                       Addr        Size        Decimal Bytes (Attributes)
--------------------       ----        ----        ------- ----- ------------
_HEADERb               00000000    00000001 =           1. bytes (ABS,CON)

        Value  Global            Value  Global            Value  Global    
        -----  ------            -----  ------            -----  ------    
ASxxxx Linker V03.00 + NoICE + sdld,  page 16.
Hexadecimal  [32-Bits]

Area                       Addr        Size        Decimal Bytes (Attributes)
--------------------       ----        ----        ------- ----- ------------
_HEADERc               00000000    00000002 =           2. bytes (ABS,CON)

        Value  Global            Value  Global            Value  Global    
        -----  ------            -----  ------            -----  ------    
ASxxxx Linker V03.00 + NoICE + sdld,  page 17.
Hexadecimal  [32-Bits]

Area                       Addr        Size        Decimal Bytes (Attributes)
--------------------       ----        ----        ------- ----- ------------
_HEADERd               00000000    00000001 =           1. bytes (ABS,CON)

        Value  Global            Value  Global            Value  Global    
        -----  ------            -----  ------            -----  ------    
ASxxxx Linker V03.00 + NoICE + sdld,  page 18.
Hexadecimal  [32-Bits]

Area                       Addr        Size        Decimal Bytes (Attributes)
--------------------       ----        ----        ------- ----- ------------
_HEADERe               00000000    00000001 =           1. bytes (ABS,CON)

        Value  Global            Value  Global            Value  Global    
        -----  ------            -----  ------            -----  ------    
ASxxxx Linker V03.00 + NoICE + sdld,  page 19.
Hexadecimal  [32-Bits]

Area                       Addr        Size        Decimal Bytes (Attributes)
--------------------       ----        ----        ------- ----- ------------
_HEADERf               00000000    00000002 =           2. bytes (ABS,CON)

        Value  Global            Value  Global            Value  Global    
        -----  ------            -----  ------            -----  ------    
ASxxxx Linker V03.00 + NoICE + sdld,  page 20.
Hexadecimal  [32-Bits]

Area                       Addr        Size        Decimal Bytes (Attributes)
--------------------       ----        ----        ------- ----- ------------
_HEADER10              00000000    00000082 =         130. bytes (ABS,CON)

        Value  Global            Value  Global            Value  Global    
        -----  ------            -----  ------            -----  ------    
     00000150  .reset    |    00000150  _reset    |    00000157  .code_sta
     000001B7  _exit     |    000001BB  _set_inte
ASxxxx Linker V03.00 + NoICE + sdld,  page 21.
Hexadecimal  [32-Bits]

Area                       Addr        Size        Decimal Bytes (Attributes)
--------------------       ----        ----        ------- ----- ------------
_HEADER11              00000000    00000001 =           1. bytes (ABS,CON)

        Value  Global            Value  Global            Value  Global    
        -----  ------            -----  ------            -----  ------    
ASxxxx Linker V03.00 + NoICE + sdld,  page 22.
Hexadecimal  [32-Bits]

Area                       Addr        Size        Decimal Bytes (Attributes)
--------------------       ----        ----        ------- ----- ------------
_HOME                  00005DFB    00000B26 =        2854. bytes (REL,CON)

        Value  Global            Value  Global            Value  Global    
        -----  ------            -----  ------            -----  ------    
     00005DFB  .memset_s |    00005E04  .memcpy_s |    00005E21  .remove_V
     00005E24  .remove_i |    00005E41  .add_VBL  |    00005E44  .add_int 
     00005E4F  .wait_vbl |    00005E4F  _wait_vbl |    00005E5F  .display_
     00005E5F  _display_ |    00005E77  _remove_V |    00005E82  _add_VBL 
     00005E8D  _font_loa |    00005E94  font_load |    00005EDC  font_copy
     00005F12  font_set  |    00005F1F  .put_char |    00005F37  .out_char
     00005F3D  .del_char |    00005F93  _putchar  |    00005F9C  _setchar 
     00005FA5  _font_loa |    00005FB3  _font_set |    00005FC2  _font_ini
     00005FE1  .cls      |    00005FE1  _cls      |    00006003  _gotoxy  
     0000600E  _posx     |    0000601F  _posy     |    00006047  .cr_curs 
     0000605C  .adv_curs |    000060B8  .tmode    |    000060E1  .tmode_ou
     000060EA  _set_bkg_ |    000060EA  _set_win_ |    000060F2  _set_spri
     0000614A  .padup    |    0000614A  _waitpadu |    0000615A  .jpad    
     0000615A  _joypad   |    00006182  _waitpad  |    00006185  .wait_pad
     0000618C  _set_tile |    00006191  _set_bkg_ |    00006191  _set_win_
     00006199  _set_spri |    000061C9  _fill_bkg |    000061DB  _color   
     000061DB  _set_1bpp |    000061EA  _memset   |    0000621D  _clock   
     00006226  .drawing_ |    00006231  .drawing_ |    0000626D  _add_LCD 
     00006278  .add_LCD  |    0000627E  _remove_L |    00006289  .remove_L
     0000628F  _font_ibm |    00006641  _delay    |    00006646  .delay   
     00006672  _strcmp   |    0000668F  _set_bkg_ |    000066A3  __divsuch
     000066B0  __modsuch |    000066BA  __divusch |    000066CC  __modusch
     000066DC  __divscha |    000066E8  __modscha |    000066F2  __divsint
     00006703  __modsint |    00006712  __divucha |    0000671E  __moducha
     00006728  __divuint |    00006739  __moduint |    00006748  .div8    
     00006748  .mod8     |    00006750  .div16    |    00006750  .mod16   
     00006786  .divu8    |    00006786  .modu8    |    00006789  .divu16  
     00006789  .modu16   |    000067CA  .fill_rec |    000067D3  .fill_rec
     00006820  .set_xy_w |    00006829  .set_xy_b |    00006838  .set_xy_t
     0000687A  _uitoa    |    00006889  _itoa     |    00006898  .itoa    
     000068AC  .utoa     |    00006920  ___sdcc_c
ASxxxx Linker V03.00 + NoICE + sdld,  page 23.
Hexadecimal  [32-Bits]

Area                       Addr        Size        Decimal Bytes (Attributes)
--------------------       ----        ----        ------- ----- ------------
_INITIALIZER           00006921    0000004A =          74. bytes (REL,CON)

        Value  Global            Value  Global            Value  Global    
        -----  ------            -----  ------            -----  ------    
ASxxxx Linker V03.00 + NoICE + sdld,  page 24.
Hexadecimal  [32-Bits]

Area                       Addr        Size        Decimal Bytes (Attributes)
--------------------       ----        ----        ------- ----- ------------
_GSINIT                0000696B    0000000C =          12. bytes (REL,CON)

        Value  Global            Value  Global            Value  Global    
        -----  ------            -----  ------            -----  ------    
     0000696B  gsinit   
ASxxxx Linker V03.00 + NoICE + sdld,  page 25.
Hexadecimal  [32-Bits]

Area                       Addr        Size        Decimal Bytes (Attributes)
--------------------       ----        ----        ------- ----- ------------
_GSFINAL               00006977    00000001 =           1. bytes (REL,CON)

        Value  Global            Value  Global            Value  Global    
        -----  ------            -----  ------            -----  ------    
ASxxxx Linker V03.00 + NoICE + sdld,  page 26.
Hexadecimal  [32-Bits]

Area                       Addr        Size        Decimal Bytes (Attributes)
--------------------       ----        ----        ------- ----- ------------
_DATA                  0000C0A0    0000034C =         844. bytes (REL,CON)

        Value  Global            Value  Global            Value  Global    
        -----  ------            -----  ------            -----  ------    
     0000C0A0  __cpu     |    0000C0A1  __is_GBA  |    0000C0A2  .mode    
     0000C0A3  .sys_time |    0000C0A3  _sys_time |    0000C0A5  .int_0x40
     0000C0B9  _p        |    0000C0CA  _arr_4KB  |    0000C2CA  _map     
     0000C324  _sprites  |    0000C37E  _delay_ti |    0000C380  font_curr
     0000C383  font_firs |    0000C384  font_tabl |    0000C3BB  _hUGE_cur
     0000C3DC  .int_0x48
ASxxxx Linker V03.00 + NoICE + sdld,  page 27.
Hexadecimal  [32-Bits]

Area                       Addr        Size        Decimal Bytes (Attributes)
--------------------       ----        ----        ------- ----- ------------
_INITIALIZED           0000C3EC    0000004A =          74. bytes (REL,CON)

        Value  Global            Value  Global            Value  Global    
        -----  ------            -----  ------            -----  ------    
     0000C3F0  _phrases  |    0000C430  .curx     |    0000C431  .cury    
     0000C432  .fg_colou |    0000C432  __current |    0000C433  .bg_colou
     0000C434  .draw_mod |    0000C435  __map_til
ASxxxx Linker V03.00 + NoICE + sdld,  page 28.
Hexadecimal  [32-Bits]

Area                       Addr        Size        Decimal Bytes (Attributes)
--------------------       ----        ----        ------- ----- ------------
_HRAM12                00000000    00000003 =           3. bytes (ABS,CON)

        Value  Global            Value  Global            Value  Global    
        -----  ------            -----  ------            -----  ------    
     0000FF90  __current |    0000FF92  __shadow_
ASxxxx Linker V03.00 + NoICE + sdld,  page 29.
Hexadecimal  [32-Bits]

Area                       Addr        Size        Decimal Bytes (Attributes)
--------------------       ----        ----        ------- ----- ------------
_FONT_HEADER0          00000000    00000003 =           3. bytes (ABS,CON)

        Value  Global            Value  Global            Value  Global    
        -----  ------            -----  ------            -----  ------    
ASxxxx Linker V03.00 + NoICE + sdld,  page 30.
Hexadecimal  [32-Bits]

Area                       Addr        Size        Decimal Bytes (Attributes)
--------------------       ----        ----        ------- ----- ------------
_HEADER_LCD0           00000000    00000003 =           3. bytes (ABS,CON)

        Value  Global            Value  Global            Value  Global    
        -----  ------            -----  ------            -----  ------    
ASxxxx Linker V03.00 + NoICE + sdld,  page 31.

Files Linked                              [ module(s) ]

/home/spence/GitHub/gbdk//lib/small/asxxxx/ap/crt0.o
                                          [ Runtime ]
.obj/pocket/init.o                        [ init ]
.obj/pocket/main.o                        [ main ]
.obj/pocket/map.o                         [ map ]
.obj/pocket/noise.o                       [ noise ]
.obj/pocket/pirate.o                      [ pirate ]
.obj/pocket/player.o                      [ player ]
.obj/pocket/save.o                        [ save ]
.obj/pocket/sgb_border.o                  [ sgb_border ]
.obj/pocket/border_data.o                 [ border_data ]
.obj/pocket/sprites.o                     [ sprites ]
.obj/pocket/tiles.o                       [ tiles ]
.obj/pocket/vocab.o                       [ vocab ]
.obj/pocket/wellerman.o                   [ wellerman ]


Libraries Linked                          [ object file ]

/home/spence/GitHub/gbdk//lib/small/asxxxx/ap/ap.lib
                                          [ cgb_palettes.o ]
/home/spence/GitHub/gbdk//lib/small/asxxxx/ap/ap.lib
                                          [ font.o ]
res/hUGEDriver.lib                        [ hUGEDriver.obj.o ]
/home/spence/GitHub/gbdk//lib/small/asxxxx/ap/ap.lib
                                          [ sfr.o ]
/home/spence/GitHub/gbdk//lib/small/asxxxx/ap/ap.lib
                                          [ set_1bit_data.o ]
/home/spence/GitHub/gbdk//lib/small/asxxxx/ap/ap.lib
                                          [ pad.o ]
/home/spence/GitHub/gbdk//lib/small/asxxxx/ap/ap.lib
                                          [ set_data.o ]
/home/spence/GitHub/gbdk//lib/small/asxxxx/ap/ap.lib
                                          [ set_tile.o ]
/home/spence/GitHub/gbdk//lib/small/asxxxx/ap/ap.lib
                                          [ sgb.o ]
/home/spence/GitHub/gbdk//lib/small/asxxxx/ap/ap.lib
                                          [ fill_rect_bk.o ]
/home/spence/GitHub/gbdk//lib/small/asxxxx/ap/ap.lib
                                          [ color.o ]
/home/spence/GitHub/gbdk//lib/small/asxxxx/gbz80/gbz80.lib
                                          [ _memset.o ]
/home/spence/GitHub/gbdk//lib/small/asxxxx/ap/ap.lib
                                          [ clock.o ]
/home/spence/GitHub/gbdk//lib/small/asxxxx/ap/ap.lib
                                          [ drawing_isr.o ]
/home/spence/GitHub/gbdk//lib/small/asxxxx/ap/ap.lib
                                          [ lcd.o ]
/home/spence/GitHub/gbdk//lib/small/asxxxx/ap/ap.lib
                                          [ f_ibm_sh.o ]
/home/spence/GitHub/gbdk//lib/small/asxxxx/ap/ap.lib
                                          [ delay.o ]
/home/spence/GitHub/gbdk//lib/small/asxxxx/gbz80/gbz80.lib
                                          [ printf.o ]
/home/spence/GitHub/gbdk//lib/small/asxxxx/gbz80/gbz80.lib
                                          [ _strcmp.o ]
/home/spence/GitHub/gbdk//lib/small/asxxxx/ap/ap.lib
                                          [ gb_decompress.o ]
/home/spence/GitHub/gbdk//lib/small/asxxxx/ap/ap.lib
                                          [ set_bk_t.o ]
/home/spence/GitHub/gbdk//lib/small/asxxxx/gbz80/gbz80.lib
                                          [ div.o ]
/home/spence/GitHub/gbdk//lib/small/asxxxx/ap/ap.lib
                                          [ fill_rect.o ]
/home/spence/GitHub/gbdk//lib/small/asxxxx/gbz80/gbz80.lib
                                          [ sprintf.o ]
/home/spence/GitHub/gbdk//lib/small/asxxxx/ap/ap.lib
                                          [ set_xy_t.o ]
/home/spence/GitHub/gbdk//lib/small/asxxxx/gbz80/gbz80.lib
                                          [ itoa.o ]
/home/spence/GitHub/gbdk//lib/small/asxxxx/gbz80/gbz80.lib
                                          [ __sdcc_call_hl.o ]

ASxxxx Linker V03.00 + NoICE + sdld,  page 32.

User Base Address Definitions

_DATA=0xC0A0
_CODE=0x0200
ASxxxx Linker V03.00 + NoICE + sdld,  page 33.

User Global Definitions

_shadow_OAM=0xC000
.STACK=0xE000
.refresh_OAM=0xFF80

