ASxxxx Linker V03.00 + NoICE + sdld,  page 1.
Hexadecimal  [32-Bits]

Area                       Addr        Size        Decimal Bytes (Attributes)
--------------------       ----        ----        ------- ----- ------------
.  .ABS.               00000000    00000000 =           0. bytes (ABS,CON)

        Value  Global            Value  Global            Value  Global    
        -----  ------            -----  ------            -----  ------    
     00000000  .__.ABS.  |    00000000  ___bank_b |    00000000  _rRAMG   
     00000000  l__BASE   |    00000000  l__BSS    |    00000000  l__CABS  
     00000000  l__CODE_0 |    00000000  l__DABS   |    00000000  l__FONT_H
     00000000  l__HEADER |    00000000  l__HEADER |    00000000  l__HEAP  
     00000000  l__HRAM   |    00000000  l__LIT    |    00000000  s__CABS  
     00000000  s__DABS   |    00000000  s__FONT_H |    00000000  s__FONT_H
     00000000  s__HEADER |    00000000  s__HEADER |    00000000  s__HEADER
     00000000  s__HEADER |    00000000  s__HEADER |    00000000  s__HEADER
     00000000  s__HEADER |    00000000  s__HEADER |    00000000  s__HEADER
     00000000  s__HEADER |    00000000  s__HEADER |    00000000  s__HRAM  
     00000000  s__HRAM8  |    00000001  _rROMB0   |    00000001  l__GSFINA
     00000001  l__HEADER |    00000001  l__HEADER |    00000003  l__FONT_H
     00000003  l__HEADER |    00000003  l__HEADER |    00000003  l__HRAM8 
     00000005  l__HEADER |    00000007  l__HEADER |    00000008  l__HEADER
     0000000C  l__GSINIT |    0000004A  l__INITIA |    0000004A  l__INITIA
     0000004E  l__HEADER |    00000073  l__HEADER |    00000200  s__CODE  
     0000034C  l__DATA   |    00000B26  l__HOME   |    00003000  _rROMB1  
     00004000  _rRAMB    |    00005C37  l__CODE   |    00005E37  s__HOME  
     0000695D  s__BASE   |    0000695D  s__CODE_0 |    0000695D  s__INITIA
     0000695D  s__LIT    |    000069A7  s__GSINIT |    000069B3  s__GSFINA
     00008000  __VRAM    |    00008000  __VRAM800 |    00008800  __VRAM880
     00009000  __VRAM900 |    00009800  __SCRN0   |    00009C00  __SCRN1  
     0000A000  __SRAM    |    0000C000  __RAM     |    0000C000  _shadow_O
     0000C0A0  s__DATA   |    0000C3EC  s__BSS    |    0000C3EC  s__INITIA
     0000C436  s__HEAP   |    0000D000  __RAMBANK |    0000E000  .STACK   
     0000FE00  __OAMRAM  |    0000FF00  _P1_REG   |    0000FF00  __IO     
     0000FF01  _SB_REG   |    0000FF02  _SC_REG   |    0000FF04  _DIV_REG 
     0000FF05  _TIMA_REG |    0000FF06  _TMA_REG  |    0000FF07  _TAC_REG 
     0000FF0F  _IF_REG   |    0000FF10  _LCDC_REG |    0000FF11  _STAT_REG
     0000FF12  _SCY_REG  |    0000FF13  _SCX_REG  |    0000FF14  _OBP0_REG
     0000FF15  _OBP1_REG |    0000FF16  _WY_REG   |    0000FF17  _WX_REG  
     0000FF18  _LY_REG   |    0000FF19  _LYC_REG  |    0000FF1A  _DMA_REG 
     0000FF1B  _BGP_REG  |    0000FF20  _NR10_REG |    0000FF21  _NR12_REG
     0000FF22  _NR11_REG |    0000FF23  _NR13_REG |    0000FF24  _NR14_REG
     0000FF25  _NR21_REG |    0000FF27  _NR22_REG |    0000FF28  _NR23_REG
     0000FF29  _NR24_REG |    0000FF2A  _NR30_REG |    0000FF2B  _NR31_REG
     0000FF2C  _NR32_REG |    0000FF2D  _NR34_REG |    0000FF2E  _NR33_REG
     0000FF30  _AUD3WAVE |    0000FF30  _PCM_SAMP |    0000FF30  __AUD3WAV
     0000FF40  _NR41_REG |    0000FF41  _NR43_REG |    0000FF42  _NR42_REG
     0000FF43  _NR44_REG |    0000FF44  _NR50_REG |    0000FF45  _NR52_REG
     0000FF46  _NR51_REG |    0000FF4D  _KEY1_REG |    0000FF4F  _VBK_REG 
     0000FF51  _HDMA1_RE |    0000FF52  _HDMA2_RE |    0000FF53  _HDMA3_RE
     0000FF54  _HDMA4_RE |    0000FF55  _HDMA5_RE |    0000FF56  _RP_REG  
     0000FF68  _BCPS_REG |    0000FF69  _BCPD_REG |    0000FF6A  _OCPS_REG
     0000FF6B  _OCPD_REG |    0000FF70  _SVBK_REG |    0000FF76  _PCM12_RE
     0000FF77  _PCM34_RE |    0000FF80  .refresh_ |    0000FF80  __HRAM   
     0000FFFF  _IE_REG  
ASxxxx Linker V03.00 + NoICE + sdld,  page 2.
Hexadecimal  [32-Bits]

Area                       Addr        Size        Decimal Bytes (Attributes)
--------------------       ----        ----        ------- ----- ------------
_CODE                  00000200    00005C37 =       23607. bytes (REL,CON)

        Value  Global            Value  Global            Value  Global    
        -----  ------            -----  ------            -----  ------    
     00000200  _init_sgb |    00000230  _init_fon |    00000241  _init_pal
     000002A6  _init_til |    00000300  _init_spr |    00000336  _init_sou
     00000363  _main     |    0000050D  _get_terr |    0000058C  _remove_i
     00000AC0  _generate |    00000BF7  _generate |    00000EC5  _display_
     00000F58  _prng     |    00001105  _interpol |    00001170  _pirate_s
     0000119D  _wait     |    000011B1  _load_spr |    000011F7  _position
     00001252  _show_men |    00001496  _change_i |    000014A2  _interact
     00001642  _attack   |    00001643  _check_in |    000016A9  _adjust_p
     000017CE  _check_mo |    000018AE  _load_sav |    000019CD  _save_dat
     00001ACC  _set_sgb_ |    00001CB5  ___func_b |    00001CB5  _border_d
     00001CF5  _border_d |    000038B5  _border_d |    00003FB5  _player_s
     00004017  _landscap |    0000416C  _phrase_l |    000050A8  _wellerma
     000050BD  _set_spri |    000050C2  _set_bkg_ |    000050C5  .set_pale
     000050E4  _set_spri |    000050E9  _set_bkg_ |    000050EC  .set_pale
     00005108  _hUGE_ini |    0000510C  _hUGE_ini |    00005117  _hUGE_mut
     0000511B  _hUGE_mut |    00005128  hUGE_mute |    00005142  _hUGE_set
     00005146  _hUGE_set |    0000514F  hUGE_init |    000053CA  hUGE_set_
     00005573  _hUGE_dos |    00005573  _hUGE_dos |    00005887  _set_vram
     00005896  _set_win_ |    0000589E  _set_bkg_ |    000058C8  .sgb_chec
     000058C8  _sgb_chec |    00005910  _sgb_tran |    00005915  .sgb_tran
     00005956  _printf   |    0000596F  _gb_decom |    00005978  gb_decomp
     00005A7F  ___printf |    00005E16  _sprintf 
ASxxxx Linker V03.00 + NoICE + sdld,  page 3.
Hexadecimal  [32-Bits]

Area                       Addr        Size        Decimal Bytes (Attributes)
--------------------       ----        ----        ------- ----- ------------
_HEADER0               00000000    00000003 =           3. bytes (ABS,CON)

        Value  Global            Value  Global            Value  Global    
        -----  ------            -----  ------            -----  ------    
ASxxxx Linker V03.00 + NoICE + sdld,  page 4.
Hexadecimal  [32-Bits]

Area                       Addr        Size        Decimal Bytes (Attributes)
--------------------       ----        ----        ------- ----- ------------
_HEADER1               00000000    00000001 =           1. bytes (ABS,CON)

        Value  Global            Value  Global            Value  Global    
        -----  ------            -----  ------            -----  ------    
     00000020  .call_hl 
ASxxxx Linker V03.00 + NoICE + sdld,  page 5.
Hexadecimal  [32-Bits]

Area                       Addr        Size        Decimal Bytes (Attributes)
--------------------       ----        ----        ------- ----- ------------
_HEADER2               00000000    00000005 =           5. bytes (ABS,CON)

        Value  Global            Value  Global            Value  Global    
        -----  ------            -----  ------            -----  ------    
     00000028  .MemsetSm
ASxxxx Linker V03.00 + NoICE + sdld,  page 6.
Hexadecimal  [32-Bits]

Area                       Addr        Size        Decimal Bytes (Attributes)
--------------------       ----        ----        ------- ----- ------------
_HEADER3               00000000    00000007 =           7. bytes (ABS,CON)

        Value  Global            Value  Global            Value  Global    
        -----  ------            -----  ------            -----  ------    
     00000030  .MemcpySm
ASxxxx Linker V03.00 + NoICE + sdld,  page 7.
Hexadecimal  [32-Bits]

Area                       Addr        Size        Decimal Bytes (Attributes)
--------------------       ----        ----        ------- ----- ------------
_HEADER4               00000000    00000008 =           8. bytes (ABS,CON)

        Value  Global            Value  Global            Value  Global    
        -----  ------            -----  ------            -----  ------    
ASxxxx Linker V03.00 + NoICE + sdld,  page 8.
Hexadecimal  [32-Bits]

Area                       Addr        Size        Decimal Bytes (Attributes)
--------------------       ----        ----        ------- ----- ------------
_HEADER5               00000000    0000004E =          78. bytes (ABS,CON)

        Value  Global            Value  Global            Value  Global    
        -----  ------            -----  ------            -----  ------    
     00000080  .int      |    0000008F  _wait_int |    0000009C  __standar
     000000AC  _refresh_
ASxxxx Linker V03.00 + NoICE + sdld,  page 9.
Hexadecimal  [32-Bits]

Area                       Addr        Size        Decimal Bytes (Attributes)
--------------------       ----        ----        ------- ----- ------------
_HEADER6               00000000    00000073 =         115. bytes (ABS,CON)

        Value  Global            Value  Global            Value  Global    
        -----  ------            -----  ------            -----  ------    
     00000150  .code_sta |    00000150  .reset    |    00000150  _reset   
     000001A8  _exit     |    000001AC  _set_inte
ASxxxx Linker V03.00 + NoICE + sdld,  page 10.
Hexadecimal  [32-Bits]

Area                       Addr        Size        Decimal Bytes (Attributes)
--------------------       ----        ----        ------- ----- ------------
_HEADER7               00000000    00000001 =           1. bytes (ABS,CON)

        Value  Global            Value  Global            Value  Global    
        -----  ------            -----  ------            -----  ------    
ASxxxx Linker V03.00 + NoICE + sdld,  page 11.
Hexadecimal  [32-Bits]

Area                       Addr        Size        Decimal Bytes (Attributes)
--------------------       ----        ----        ------- ----- ------------
_HOME                  00005E37    00000B26 =        2854. bytes (REL,CON)

        Value  Global            Value  Global            Value  Global    
        -----  ------            -----  ------            -----  ------    
     00005E37  .memset_s |    00005E40  .memcpy_s |    00005E5D  .remove_V
     00005E60  .remove_i |    00005E7D  .add_VBL  |    00005E80  .add_int 
     00005E8B  .wait_vbl |    00005E8B  _wait_vbl |    00005E9B  .display_
     00005E9B  _display_ |    00005EB3  _remove_V |    00005EBE  _add_VBL 
     00005EC9  _font_loa |    00005ED0  font_load |    00005F18  font_copy
     00005F4E  font_set  |    00005F5B  .put_char |    00005F73  .out_char
     00005F79  .del_char |    00005FCF  _putchar  |    00005FD8  _setchar 
     00005FE1  _font_loa |    00005FEF  _font_set |    00005FFE  _font_ini
     0000601D  .cls      |    0000601D  _cls      |    0000603F  _gotoxy  
     0000604A  _posx     |    0000605B  _posy     |    00006083  .cr_curs 
     00006098  .adv_curs |    000060F4  .tmode    |    0000611D  .tmode_ou
     00006126  _set_bkg_ |    00006126  _set_win_ |    0000612E  _set_spri
     00006186  .padup    |    00006186  _waitpadu |    00006196  .jpad    
     00006196  _joypad   |    000061BE  _waitpad  |    000061C1  .wait_pad
     000061C8  _set_tile |    000061CD  _set_bkg_ |    000061CD  _set_win_
     000061D5  _set_spri |    00006205  _fill_bkg |    00006217  _color   
     00006217  _set_1bpp |    00006226  _memset   |    00006259  _clock   
     00006262  .drawing_ |    0000626D  .drawing_ |    000062A9  _add_LCD 
     000062B4  .add_LCD  |    000062BA  _remove_L |    000062C5  .remove_L
     000062CB  _font_ibm |    0000667D  _delay    |    00006682  .delay   
     000066AE  _strcmp   |    000066CB  _set_bkg_ |    000066DF  __divsuch
     000066EC  __modsuch |    000066F6  __divusch |    00006708  __modusch
     00006718  __divscha |    00006724  __modscha |    0000672E  __divsint
     0000673F  __modsint |    0000674E  __divucha |    0000675A  __moducha
     00006764  __divuint |    00006775  __moduint |    00006784  .div8    
     00006784  .mod8     |    0000678C  .div16    |    0000678C  .mod16   
     000067C2  .divu8    |    000067C2  .modu8    |    000067C5  .divu16  
     000067C5  .modu16   |    00006806  .fill_rec |    0000680F  .fill_rec
     0000685C  .set_xy_w |    00006865  .set_xy_b |    00006874  .set_xy_t
     000068B6  _uitoa    |    000068C5  _itoa     |    000068D4  .itoa    
     000068E8  .utoa     |    0000695C  ___sdcc_c
ASxxxx Linker V03.00 + NoICE + sdld,  page 12.
Hexadecimal  [32-Bits]

Area                       Addr        Size        Decimal Bytes (Attributes)
--------------------       ----        ----        ------- ----- ------------
_INITIALIZER           0000695D    0000004A =          74. bytes (REL,CON)

        Value  Global            Value  Global            Value  Global    
        -----  ------            -----  ------            -----  ------    
ASxxxx Linker V03.00 + NoICE + sdld,  page 13.
Hexadecimal  [32-Bits]

Area                       Addr        Size        Decimal Bytes (Attributes)
--------------------       ----        ----        ------- ----- ------------
_GSINIT                000069A7    0000000C =          12. bytes (REL,CON)

        Value  Global            Value  Global            Value  Global    
        -----  ------            -----  ------            -----  ------    
     000069A7  gsinit   
ASxxxx Linker V03.00 + NoICE + sdld,  page 14.
Hexadecimal  [32-Bits]

Area                       Addr        Size        Decimal Bytes (Attributes)
--------------------       ----        ----        ------- ----- ------------
_GSFINAL               000069B3    00000001 =           1. bytes (REL,CON)

        Value  Global            Value  Global            Value  Global    
        -----  ------            -----  ------            -----  ------    
ASxxxx Linker V03.00 + NoICE + sdld,  page 15.
Hexadecimal  [32-Bits]

Area                       Addr        Size        Decimal Bytes (Attributes)
--------------------       ----        ----        ------- ----- ------------
_DATA                  0000C0A0    0000034C =         844. bytes (REL,CON)

        Value  Global            Value  Global            Value  Global    
        -----  ------            -----  ------            -----  ------    
     0000C0A0  __cpu     |    0000C0A1  __is_GBA  |    0000C0A2  .mode    
     0000C0A3  .sys_time |    0000C0A3  _sys_time |    0000C0A5  .int_0x40
     0000C0B9  _p        |    0000C0CA  _arr_4KB  |    0000C2CA  _map     
     0000C324  _sprites  |    0000C37E  _delay_ti |    0000C380  font_curr
     0000C383  font_firs |    0000C384  font_tabl |    0000C3BB  _hUGE_cur
     0000C3DC  .int_0x48
ASxxxx Linker V03.00 + NoICE + sdld,  page 16.
Hexadecimal  [32-Bits]

Area                       Addr        Size        Decimal Bytes (Attributes)
--------------------       ----        ----        ------- ----- ------------
_INITIALIZED           0000C3EC    0000004A =          74. bytes (REL,CON)

        Value  Global            Value  Global            Value  Global    
        -----  ------            -----  ------            -----  ------    
     0000C3F0  _phrases  |    0000C430  .curx     |    0000C431  .cury    
     0000C432  .fg_colou |    0000C432  __current |    0000C433  .bg_colou
     0000C434  .draw_mod |    0000C435  __map_til
ASxxxx Linker V03.00 + NoICE + sdld,  page 17.
Hexadecimal  [32-Bits]

Area                       Addr        Size        Decimal Bytes (Attributes)
--------------------       ----        ----        ------- ----- ------------
_HRAM8                 00000000    00000003 =           3. bytes (ABS,CON)

        Value  Global            Value  Global            Value  Global    
        -----  ------            -----  ------            -----  ------    
     0000FF90  __current |    0000FF92  __shadow_
ASxxxx Linker V03.00 + NoICE + sdld,  page 18.
Hexadecimal  [32-Bits]

Area                       Addr        Size        Decimal Bytes (Attributes)
--------------------       ----        ----        ------- ----- ------------
_FONT_HEADER0          00000000    00000003 =           3. bytes (ABS,CON)

        Value  Global            Value  Global            Value  Global    
        -----  ------            -----  ------            -----  ------    
ASxxxx Linker V03.00 + NoICE + sdld,  page 19.
Hexadecimal  [32-Bits]

Area                       Addr        Size        Decimal Bytes (Attributes)
--------------------       ----        ----        ------- ----- ------------
_HEADER_LCD0           00000000    00000003 =           3. bytes (ABS,CON)

        Value  Global            Value  Global            Value  Global    
        -----  ------            -----  ------            -----  ------    
ASxxxx Linker V03.00 + NoICE + sdld,  page 20.

Files Linked                              [ module(s) ]

/home/spence/GitHub/gbdk//lib/small/asxxxx/duck/crt0.o
                                          [ Runtime ]
.obj/duck/init.o                          [ init ]
.obj/duck/main.o                          [ main ]
.obj/duck/map.o                           [ map ]
.obj/duck/noise.o                         [ noise ]
.obj/duck/pirate.o                        [ pirate ]
.obj/duck/player.o                        [ player ]
.obj/duck/save.o                          [ save ]
.obj/duck/sgb_border.o                    [ sgb_border ]
.obj/duck/border_data.o                   [ border_data ]
.obj/duck/sprites.o                       [ sprites ]
.obj/duck/tiles.o                         [ tiles ]
.obj/duck/vocab.o                         [ vocab ]
.obj/duck/wellerman.o                     [ wellerman ]


Libraries Linked                          [ object file ]

/home/spence/GitHub/gbdk//lib/small/asxxxx/duck/duck.lib
                                          [ cgb_palettes.o ]
/home/spence/GitHub/gbdk//lib/small/asxxxx/duck/duck.lib
                                          [ font.o ]
res/hUGEDriver.lib                        [ hUGEDriver.obj.o ]
/home/spence/GitHub/gbdk//lib/small/asxxxx/duck/duck.lib
                                          [ sfr.o ]
/home/spence/GitHub/gbdk//lib/small/asxxxx/duck/duck.lib
                                          [ set_1bit_data.o ]
/home/spence/GitHub/gbdk//lib/small/asxxxx/duck/duck.lib
                                          [ pad.o ]
/home/spence/GitHub/gbdk//lib/small/asxxxx/duck/duck.lib
                                          [ set_data.o ]
/home/spence/GitHub/gbdk//lib/small/asxxxx/duck/duck.lib
                                          [ set_tile.o ]
/home/spence/GitHub/gbdk//lib/small/asxxxx/duck/duck.lib
                                          [ sgb.o ]
/home/spence/GitHub/gbdk//lib/small/asxxxx/duck/duck.lib
                                          [ fill_rect_bk.o ]
/home/spence/GitHub/gbdk//lib/small/asxxxx/duck/duck.lib
                                          [ color.o ]
/home/spence/GitHub/gbdk//lib/small/asxxxx/gbz80/gbz80.lib
                                          [ _memset.o ]
/home/spence/GitHub/gbdk//lib/small/asxxxx/duck/duck.lib
                                          [ clock.o ]
/home/spence/GitHub/gbdk//lib/small/asxxxx/duck/duck.lib
                                          [ drawing_isr.o ]
/home/spence/GitHub/gbdk//lib/small/asxxxx/duck/duck.lib
                                          [ lcd.o ]
/home/spence/GitHub/gbdk//lib/small/asxxxx/duck/duck.lib
                                          [ f_ibm_sh.o ]
/home/spence/GitHub/gbdk//lib/small/asxxxx/duck/duck.lib
                                          [ delay.o ]
/home/spence/GitHub/gbdk//lib/small/asxxxx/gbz80/gbz80.lib
                                          [ printf.o ]
/home/spence/GitHub/gbdk//lib/small/asxxxx/gbz80/gbz80.lib
                                          [ _strcmp.o ]
/home/spence/GitHub/gbdk//lib/small/asxxxx/duck/duck.lib
                                          [ gb_decompress.o ]
/home/spence/GitHub/gbdk//lib/small/asxxxx/duck/duck.lib
                                          [ set_bk_t.o ]
/home/spence/GitHub/gbdk//lib/small/asxxxx/gbz80/gbz80.lib
                                          [ div.o ]
/home/spence/GitHub/gbdk//lib/small/asxxxx/duck/duck.lib
                                          [ fill_rect.o ]
/home/spence/GitHub/gbdk//lib/small/asxxxx/gbz80/gbz80.lib
                                          [ sprintf.o ]
/home/spence/GitHub/gbdk//lib/small/asxxxx/duck/duck.lib
                                          [ set_xy_t.o ]
/home/spence/GitHub/gbdk//lib/small/asxxxx/gbz80/gbz80.lib
                                          [ itoa.o ]
/home/spence/GitHub/gbdk//lib/small/asxxxx/gbz80/gbz80.lib
                                          [ __sdcc_call_hl.o ]

ASxxxx Linker V03.00 + NoICE + sdld,  page 21.

User Base Address Definitions

_DATA=0xC0A0
_CODE=0x0200
ASxxxx Linker V03.00 + NoICE + sdld,  page 22.

User Global Definitions

_shadow_OAM=0xC000
.STACK=0xE000
.refresh_OAM=0xFF80

