ASxxxx Linker V03.00 + NoICE + sdld,  page 1.
Hexadecimal  [32-Bits]

Area                       Addr        Size        Decimal Bytes (Attributes)
--------------------       ----        ----        ------- ----- ------------
.  .ABS.               00000000    00000000 =           0. bytes (ABS,CON)

        Value  Global            Value  Global            Value  Global    
        -----  ------            -----  ------            -----  ------    
     00000000  .__.ABS.  |    00000000  ___bank_b |    00000000  _rRAMG   
     00000000  l__BASE   |    00000000  l__BSS    |    00000000  l__CABS  
     00000000  l__CODE_0 |    00000000  l__DABS   |    00000000  l__FONT_H
     00000000  l__HEADER |    00000000  l__HEADER |    00000000  l__HEAP  
     00000000  l__HRAM   |    00000000  l__LIT    |    00000000  s__CABS  
     00000000  s__DABS   |    00000000  s__FONT_H |    00000000  s__FONT_H
     00000000  s__HEADER |    00000000  s__HEADER |    00000000  s__HEADER
     00000000  s__HEADER |    00000000  s__HEADER |    00000000  s__HEADER
     00000000  s__HEADER |    00000000  s__HEADER |    00000000  s__HEADER
     00000000  s__HEADER |    00000000  s__HEADER |    00000000  s__HRAM  
     00000000  s__HRAM8  |    00000001  _rROMB0   |    00000001  l__GSFINA
     00000001  l__HEADER |    00000001  l__HEADER |    00000003  l__FONT_H
     00000003  l__HEADER |    00000003  l__HEADER |    00000003  l__HRAM8 
     00000005  l__HEADER |    00000007  l__HEADER |    00000008  l__HEADER
     0000000C  l__GSINIT |    0000002C  l__INITIA |    0000002C  l__INITIA
     0000004E  l__HEADER |    00000073  l__HEADER |    00000200  s__CODE  
     000002EC  l__DATA   |    00000B26  l__HOME   |    00003000  _rROMB1  
     00004000  _rRAMB    |    00004907  l__CODE   |    00004B07  s__HOME  
     0000562D  s__BASE   |    0000562D  s__CODE_0 |    0000562D  s__INITIA
     0000562D  s__LIT    |    00005659  s__GSINIT |    00005665  s__GSFINA
     00008000  __VRAM    |    00008000  __VRAM800 |    00008800  __VRAM880
     00009000  __VRAM900 |    00009800  __SCRN0   |    00009C00  __SCRN1  
     0000A000  __SRAM    |    0000C000  __RAM     |    0000C000  _shadow_O
     0000C0A0  s__DATA   |    0000C38C  s__BSS    |    0000C38C  s__INITIA
     0000C3B8  s__HEAP   |    0000D000  __RAMBANK |    0000E000  .STACK   
     0000FE00  __OAMRAM  |    0000FF00  _P1_REG   |    0000FF00  __IO     
     0000FF01  _SB_REG   |    0000FF02  _SC_REG   |    0000FF04  _DIV_REG 
     0000FF05  _TIMA_REG |    0000FF06  _TMA_REG  |    0000FF07  _TAC_REG 
     0000FF0F  _IF_REG   |    0000FF10  _LCDC_REG |    0000FF11  _STAT_REG
     0000FF12  _SCY_REG  |    0000FF13  _SCX_REG  |    0000FF14  _OBP0_REG
     0000FF15  _OBP1_REG |    0000FF16  _WY_REG   |    0000FF17  _WX_REG  
     0000FF18  _LY_REG   |    0000FF19  _LYC_REG  |    0000FF1A  _DMA_REG 
     0000FF1B  _BGP_REG  |    0000FF20  _NR10_REG |    0000FF21  _NR12_REG
     0000FF22  _NR11_REG |    0000FF23  _NR13_REG |    0000FF24  _NR14_REG
     0000FF25  _NR21_REG |    0000FF27  _NR22_REG |    0000FF28  _NR23_REG
     0000FF29  _NR24_REG |    0000FF2A  _NR30_REG |    0000FF2B  _NR31_REG
     0000FF2C  _NR32_REG |    0000FF2D  _NR34_REG |    0000FF2E  _NR33_REG
     0000FF30  _AUD3WAVE |    0000FF30  _PCM_SAMP |    0000FF30  __AUD3WAV
     0000FF40  _NR41_REG |    0000FF41  _NR43_REG |    0000FF42  _NR42_REG
     0000FF43  _NR44_REG |    0000FF44  _NR50_REG |    0000FF45  _NR52_REG
     0000FF46  _NR51_REG |    0000FF4D  _KEY1_REG |    0000FF4F  _VBK_REG 
     0000FF51  _HDMA1_RE |    0000FF52  _HDMA2_RE |    0000FF53  _HDMA3_RE
     0000FF54  _HDMA4_RE |    0000FF55  _HDMA5_RE |    0000FF56  _RP_REG  
     0000FF68  _BCPS_REG |    0000FF69  _BCPD_REG |    0000FF6A  _OCPS_REG
     0000FF6B  _OCPD_REG |    0000FF70  _SVBK_REG |    0000FF76  _PCM12_RE
     0000FF77  _PCM34_RE |    0000FF80  .refresh_ |    0000FF80  __HRAM   
     0000FFFF  _IE_REG  
ASxxxx Linker V03.00 + NoICE + sdld,  page 2.
Hexadecimal  [32-Bits]

Area                       Addr        Size        Decimal Bytes (Attributes)
--------------------       ----        ----        ------- ----- ------------
_CODE                  00000200    00004907 =       18695. bytes (REL,CON)

        Value  Global            Value  Global            Value  Global    
        -----  ------            -----  ------            -----  ------    
     00000200  _init_sgb |    00000230  _init_fon |    00000241  _init_pal
     00000244  _init_til |    0000029E  _init_spr |    000002D4  _init_sou
     00000301  _main     |    000003CB  _get_terr |    00000467  _remove_i
     00000904  _generate |    000009E4  _generate |    00000BF1  _display_
     00000D6D  _interpol |    0000111E  _pirate_s |    00001149  _load_spr
     0000118F  _position |    000011EA  _show_men |    0000144D  _change_i
     00001459  _interact |    000015EB  _attack   |    000015EC  _check_in
     000016EB  _check_mo |    00001779  _load_sav |    00001876  _save_dat
     0000195B  _set_sgb_ |    00001B44  ___func_b |    00001B44  _border_d
     00001B64  _border_d |    000028E4  _border_d |    00002FE4  _player_s
     00003046  _landscap |    0000319B  _phrase_l |    00003D3A  _wellerma
     00003D4F  _prng     |    00003D74  _hUGE_ini |    00003D78  _hUGE_ini
     00003D83  _hUGE_mut |    00003D87  _hUGE_mut |    00003D94  hUGE_mute
     00003DAE  _hUGE_set |    00003DB2  _hUGE_set |    00003DBB  hUGE_init
     00004036  hUGE_set_ |    000041DF  _hUGE_dos |    000041DF  _hUGE_dos
     000044F3  _set_vram |    00004502  _set_win_ |    0000450A  _set_bkg_
     00004534  .sgb_chec |    00004534  _sgb_chec |    0000457C  _sgb_tran
     00004581  .sgb_tran |    000045C2  _printf   |    000045DB  _gb_decom
     000045E4  gb_decomp |    00004641  _cgb_comp |    00004641  _set_defa
     0000465A  _set_spri |    0000465F  _set_bkg_ |    00004662  .set_pale
     00004681  _set_spri |    00004686  _set_bkg_ |    00004689  .set_pale
     0000474F  ___printf |    00004AE6  _sprintf 
ASxxxx Linker V03.00 + NoICE + sdld,  page 3.
Hexadecimal  [32-Bits]

Area                       Addr        Size        Decimal Bytes (Attributes)
--------------------       ----        ----        ------- ----- ------------
_HEADER0               00000000    00000003 =           3. bytes (ABS,CON)

        Value  Global            Value  Global            Value  Global    
        -----  ------            -----  ------            -----  ------    
ASxxxx Linker V03.00 + NoICE + sdld,  page 4.
Hexadecimal  [32-Bits]

Area                       Addr        Size        Decimal Bytes (Attributes)
--------------------       ----        ----        ------- ----- ------------
_HEADER1               00000000    00000001 =           1. bytes (ABS,CON)

        Value  Global            Value  Global            Value  Global    
        -----  ------            -----  ------            -----  ------    
     00000020  .call_hl 
ASxxxx Linker V03.00 + NoICE + sdld,  page 5.
Hexadecimal  [32-Bits]

Area                       Addr        Size        Decimal Bytes (Attributes)
--------------------       ----        ----        ------- ----- ------------
_HEADER2               00000000    00000005 =           5. bytes (ABS,CON)

        Value  Global            Value  Global            Value  Global    
        -----  ------            -----  ------            -----  ------    
     00000028  .MemsetSm
ASxxxx Linker V03.00 + NoICE + sdld,  page 6.
Hexadecimal  [32-Bits]

Area                       Addr        Size        Decimal Bytes (Attributes)
--------------------       ----        ----        ------- ----- ------------
_HEADER3               00000000    00000007 =           7. bytes (ABS,CON)

        Value  Global            Value  Global            Value  Global    
        -----  ------            -----  ------            -----  ------    
     00000030  .MemcpySm
ASxxxx Linker V03.00 + NoICE + sdld,  page 7.
Hexadecimal  [32-Bits]

Area                       Addr        Size        Decimal Bytes (Attributes)
--------------------       ----        ----        ------- ----- ------------
_HEADER4               00000000    00000008 =           8. bytes (ABS,CON)

        Value  Global            Value  Global            Value  Global    
        -----  ------            -----  ------            -----  ------    
ASxxxx Linker V03.00 + NoICE + sdld,  page 8.
Hexadecimal  [32-Bits]

Area                       Addr        Size        Decimal Bytes (Attributes)
--------------------       ----        ----        ------- ----- ------------
_HEADER5               00000000    0000004E =          78. bytes (ABS,CON)

        Value  Global            Value  Global            Value  Global    
        -----  ------            -----  ------            -----  ------    
     00000080  .int      |    0000008F  _wait_int |    0000009C  __standar
     000000AC  _refresh_
ASxxxx Linker V03.00 + NoICE + sdld,  page 9.
Hexadecimal  [32-Bits]

Area                       Addr        Size        Decimal Bytes (Attributes)
--------------------       ----        ----        ------- ----- ------------
_HEADER6               00000000    00000073 =         115. bytes (ABS,CON)

        Value  Global            Value  Global            Value  Global    
        -----  ------            -----  ------            -----  ------    
     00000150  .code_sta |    00000150  .reset    |    00000150  _reset   
     000001A8  _exit     |    000001AC  _set_inte
ASxxxx Linker V03.00 + NoICE + sdld,  page 10.
Hexadecimal  [32-Bits]

Area                       Addr        Size        Decimal Bytes (Attributes)
--------------------       ----        ----        ------- ----- ------------
_HEADER7               00000000    00000001 =           1. bytes (ABS,CON)

        Value  Global            Value  Global            Value  Global    
        -----  ------            -----  ------            -----  ------    
ASxxxx Linker V03.00 + NoICE + sdld,  page 11.
Hexadecimal  [32-Bits]

Area                       Addr        Size        Decimal Bytes (Attributes)
--------------------       ----        ----        ------- ----- ------------
_HOME                  00004B07    00000B26 =        2854. bytes (REL,CON)

        Value  Global            Value  Global            Value  Global    
        -----  ------            -----  ------            -----  ------    
     00004B07  .memset_s |    00004B10  .memcpy_s |    00004B2D  .remove_V
     00004B30  .remove_i |    00004B4D  .add_VBL  |    00004B50  .add_int 
     00004B5B  .wait_vbl |    00004B5B  _wait_vbl |    00004B6B  .display_
     00004B6B  _display_ |    00004B83  _remove_V |    00004B8E  _add_VBL 
     00004B99  _font_loa |    00004BA0  font_load |    00004BE8  font_copy
     00004C1E  font_set  |    00004C2B  .put_char |    00004C43  .out_char
     00004C49  .del_char |    00004C9F  _putchar  |    00004CA8  _setchar 
     00004CB1  _font_loa |    00004CBF  _font_set |    00004CCE  _font_ini
     00004CED  .cls      |    00004CED  _cls      |    00004D0F  _gotoxy  
     00004D1A  _posx     |    00004D2B  _posy     |    00004D53  .cr_curs 
     00004D68  .adv_curs |    00004DC4  .tmode    |    00004DED  .tmode_ou
     00004DF6  _set_bkg_ |    00004DF6  _set_win_ |    00004DFE  _set_spri
     00004E56  .padup    |    00004E56  _waitpadu |    00004E66  .jpad    
     00004E66  _joypad   |    00004E8E  _waitpad  |    00004E91  .wait_pad
     00004E98  _set_tile |    00004E9D  _set_bkg_ |    00004E9D  _set_win_
     00004EA5  _set_spri |    00004ED5  _fill_bkg |    00004EE7  _color   
     00004EE7  _set_1bpp |    00004EF6  _memset   |    00004F29  _clock   
     00004F32  .drawing_ |    00004F3D  .drawing_ |    00004F79  _add_LCD 
     00004F84  .add_LCD  |    00004F8A  _remove_L |    00004F95  .remove_L
     00004F9B  _font_ibm |    0000534D  _delay    |    00005352  .delay   
     0000537E  _strcmp   |    0000539B  __divsuch |    000053A8  __modsuch
     000053B2  __divusch |    000053C4  __modusch |    000053D4  __divscha
     000053E0  __modscha |    000053EA  __divsint |    000053FB  __modsint
     0000540A  __divucha |    00005416  __moducha |    00005420  __divuint
     00005431  __moduint |    00005440  .div8     |    00005440  .mod8    
     00005448  .div16    |    00005448  .mod16    |    0000547E  .divu8   
     0000547E  .modu8    |    00005481  .divu16   |    00005481  .modu16  
     000054C2  _set_bkg_ |    000054D6  .fill_rec |    000054DF  .fill_rec
     0000552C  .set_xy_w |    00005535  .set_xy_b |    00005544  .set_xy_t
     00005586  _uitoa    |    00005595  _itoa     |    000055A4  .itoa    
     000055B8  .utoa     |    0000562C  ___sdcc_c
ASxxxx Linker V03.00 + NoICE + sdld,  page 12.
Hexadecimal  [32-Bits]

Area                       Addr        Size        Decimal Bytes (Attributes)
--------------------       ----        ----        ------- ----- ------------
_INITIALIZER           0000562D    0000002C =          44. bytes (REL,CON)

        Value  Global            Value  Global            Value  Global    
        -----  ------            -----  ------            -----  ------    
ASxxxx Linker V03.00 + NoICE + sdld,  page 13.
Hexadecimal  [32-Bits]

Area                       Addr        Size        Decimal Bytes (Attributes)
--------------------       ----        ----        ------- ----- ------------
_GSINIT                00005659    0000000C =          12. bytes (REL,CON)

        Value  Global            Value  Global            Value  Global    
        -----  ------            -----  ------            -----  ------    
     00005659  gsinit   
ASxxxx Linker V03.00 + NoICE + sdld,  page 14.
Hexadecimal  [32-Bits]

Area                       Addr        Size        Decimal Bytes (Attributes)
--------------------       ----        ----        ------- ----- ------------
_GSFINAL               00005665    00000001 =           1. bytes (REL,CON)

        Value  Global            Value  Global            Value  Global    
        -----  ------            -----  ------            -----  ------    
ASxxxx Linker V03.00 + NoICE + sdld,  page 15.
Hexadecimal  [32-Bits]

Area                       Addr        Size        Decimal Bytes (Attributes)
--------------------       ----        ----        ------- ----- ------------
_DATA                  0000C0A0    000002EC =         748. bytes (REL,CON)

        Value  Global            Value  Global            Value  Global    
        -----  ------            -----  ------            -----  ------    
     0000C0A0  __cpu     |    0000C0A1  __is_GBA  |    0000C0A2  .mode    
     0000C0A3  .sys_time |    0000C0A3  _sys_time |    0000C0A5  .int_0x40
     0000C0B9  _p        |    0000C0C4  _arr_4kb  |    0000C2C4  _map     
     0000C31E  _delay_ti |    0000C320  font_curr |    0000C323  font_firs
     0000C324  font_tabl |    0000C35B  _hUGE_cur |    0000C37C  .int_0x48
ASxxxx Linker V03.00 + NoICE + sdld,  page 16.
Hexadecimal  [32-Bits]

Area                       Addr        Size        Decimal Bytes (Attributes)
--------------------       ----        ----        ------- ----- ------------
_INITIALIZED           0000C38C    0000002C =          44. bytes (REL,CON)

        Value  Global            Value  Global            Value  Global    
        -----  ------            -----  ------            -----  ------    
     0000C390  _phrases  |    0000C3B2  .curx     |    0000C3B3  .cury    
     0000C3B4  .fg_colou |    0000C3B4  __current |    0000C3B5  .bg_colou
     0000C3B6  .draw_mod |    0000C3B7  __map_til
ASxxxx Linker V03.00 + NoICE + sdld,  page 17.
Hexadecimal  [32-Bits]

Area                       Addr        Size        Decimal Bytes (Attributes)
--------------------       ----        ----        ------- ----- ------------
_HRAM8                 00000000    00000003 =           3. bytes (ABS,CON)

        Value  Global            Value  Global            Value  Global    
        -----  ------            -----  ------            -----  ------    
     0000FF90  __current |    0000FF92  __shadow_
ASxxxx Linker V03.00 + NoICE + sdld,  page 18.
Hexadecimal  [32-Bits]

Area                       Addr        Size        Decimal Bytes (Attributes)
--------------------       ----        ----        ------- ----- ------------
_FONT_HEADER0          00000000    00000003 =           3. bytes (ABS,CON)

        Value  Global            Value  Global            Value  Global    
        -----  ------            -----  ------            -----  ------    
ASxxxx Linker V03.00 + NoICE + sdld,  page 19.
Hexadecimal  [32-Bits]

Area                       Addr        Size        Decimal Bytes (Attributes)
--------------------       ----        ----        ------- ----- ------------
_HEADER_LCD0           00000000    00000003 =           3. bytes (ABS,CON)

        Value  Global            Value  Global            Value  Global    
        -----  ------            -----  ------            -----  ------    
ASxxxx Linker V03.00 + NoICE + sdld,  page 20.

Files Linked                              [ module(s) ]

/home/spence/GitHub/gbdk//lib/small/asxxxx/duck/crt0.o
                                          [ Runtime ]
.obj/duck/init.o                          [ init ]
.obj/duck/main.o                          [ main ]
.obj/duck/map.o                           [ map ]
.obj/duck/noise.o                         [ noise ]
.obj/duck/pirate.o                        [ pirate ]
.obj/duck/player.o                        [ player ]
.obj/duck/save.o                          [ save ]
.obj/duck/sgb_border.o                    [ sgb_border ]
.obj/duck/border_data.o                   [ border_data ]
.obj/duck/sprites.o                       [ sprites ]
.obj/duck/tiles.o                         [ tiles ]
.obj/duck/vocab.o                         [ vocab ]
.obj/duck/wellerman.o                     [ wellerman ]
.obj/duck/prng.o                          [  ]


Libraries Linked                          [ object file ]

/home/spence/GitHub/gbdk//lib/small/asxxxx/duck/duck.lib
                                          [ font.o ]
res/hUGEDriver.lib                        [ hUGEDriver.obj.o ]
/home/spence/GitHub/gbdk//lib/small/asxxxx/duck/duck.lib
                                          [ sfr.o ]
/home/spence/GitHub/gbdk//lib/small/asxxxx/duck/duck.lib
                                          [ set_1bit_data.o ]
/home/spence/GitHub/gbdk//lib/small/asxxxx/duck/duck.lib
                                          [ pad.o ]
/home/spence/GitHub/gbdk//lib/small/asxxxx/duck/duck.lib
                                          [ set_data.o ]
/home/spence/GitHub/gbdk//lib/small/asxxxx/duck/duck.lib
                                          [ set_tile.o ]
/home/spence/GitHub/gbdk//lib/small/asxxxx/duck/duck.lib
                                          [ sgb.o ]
/home/spence/GitHub/gbdk//lib/small/asxxxx/duck/duck.lib
                                          [ fill_rect_bk.o ]
/home/spence/GitHub/gbdk//lib/small/asxxxx/duck/duck.lib
                                          [ color.o ]
/home/spence/GitHub/gbdk//lib/small/asxxxx/gbz80/gbz80.lib
                                          [ _memset.o ]
/home/spence/GitHub/gbdk//lib/small/asxxxx/duck/duck.lib
                                          [ clock.o ]
/home/spence/GitHub/gbdk//lib/small/asxxxx/duck/duck.lib
                                          [ drawing_isr.o ]
/home/spence/GitHub/gbdk//lib/small/asxxxx/duck/duck.lib
                                          [ lcd.o ]
/home/spence/GitHub/gbdk//lib/small/asxxxx/duck/duck.lib
                                          [ f_ibm_sh.o ]
/home/spence/GitHub/gbdk//lib/small/asxxxx/duck/duck.lib
                                          [ delay.o ]
/home/spence/GitHub/gbdk//lib/small/asxxxx/gbz80/gbz80.lib
                                          [ printf.o ]
/home/spence/GitHub/gbdk//lib/small/asxxxx/gbz80/gbz80.lib
                                          [ _strcmp.o ]
/home/spence/GitHub/gbdk//lib/small/asxxxx/gbz80/gbz80.lib
                                          [ div.o ]
/home/spence/GitHub/gbdk//lib/small/asxxxx/duck/duck.lib
                                          [ gb_decompress.o ]
/home/spence/GitHub/gbdk//lib/small/asxxxx/duck/duck.lib
                                          [ cgb_compat.o ]
/home/spence/GitHub/gbdk//lib/small/asxxxx/duck/duck.lib
                                          [ set_bk_t.o ]
/home/spence/GitHub/gbdk//lib/small/asxxxx/duck/duck.lib
                                          [ fill_rect.o ]
/home/spence/GitHub/gbdk//lib/small/asxxxx/duck/duck.lib
                                          [ cgb_palettes.o ]
/home/spence/GitHub/gbdk//lib/small/asxxxx/gbz80/gbz80.lib
                                          [ sprintf.o ]
/home/spence/GitHub/gbdk//lib/small/asxxxx/duck/duck.lib
                                          [ set_xy_t.o ]
/home/spence/GitHub/gbdk//lib/small/asxxxx/gbz80/gbz80.lib
                                          [ itoa.o ]
/home/spence/GitHub/gbdk//lib/small/asxxxx/gbz80/gbz80.lib
                                          [ __sdcc_call_hl.o ]

ASxxxx Linker V03.00 + NoICE + sdld,  page 21.

User Base Address Definitions

_DATA=0xC0A0
_CODE=0x0200
ASxxxx Linker V03.00 + NoICE + sdld,  page 22.

User Global Definitions

_shadow_OAM=0xC000
.STACK=0xE000
.refresh_OAM=0xFF80

