ASxxxx Linker V03.00 + NoICE + sdld,  page 1.
Hexadecimal  [32-Bits]

Area                       Addr        Size        Decimal Bytes (Attributes)
--------------------       ----        ----        ------- ----- ------------
.  .ABS.               00000000    00000000 =           0. bytes (ABS,CON)

        Value  Global            Value  Global            Value  Global    
        -----  ------            -----  ------            -----  ------    
     00000000  .__.ABS.  |    00000000  ___bank_b |    00000000  _rRAMG   
     00000000  l__BASE   |    00000000  l__BSS    |    00000000  l__CABS  
     00000000  l__CODE_0 |    00000000  l__DABS   |    00000000  l__FONT_H
     00000000  l__HEADER |    00000000  l__HEADER |    00000000  l__HEAP  
     00000000  l__HRAM   |    00000000  l__LIT    |    00000000  s__CABS  
     00000000  s__DABS   |    00000000  s__FONT_H |    00000000  s__FONT_H
     00000000  s__HEADER |    00000000  s__HEADER |    00000000  s__HEADER
     00000000  s__HEADER |    00000000  s__HEADER |    00000000  s__HEADER
     00000000  s__HEADER |    00000000  s__HEADER |    00000000  s__HEADER
     00000000  s__HEADER |    00000000  s__HEADER |    00000000  s__HRAM  
     00000000  s__HRAM8  |    00000001  _rROMB0   |    00000001  l__GSFINA
     00000001  l__HEADER |    00000001  l__HEADER |    00000003  l__FONT_H
     00000003  l__HEADER |    00000003  l__HEADER |    00000003  l__HRAM8 
     00000005  l__HEADER |    00000007  l__HEADER |    00000008  l__HEADER
     0000000C  l__GSINIT |    0000004A  l__INITIA |    0000004A  l__INITIA
     0000004E  l__HEADER |    00000073  l__HEADER |    00000200  s__CODE  
     0000034C  l__DATA   |    00000B26  l__HOME   |    00003000  _rROMB1  
     00004000  _rRAMB    |    00005C77  l__CODE   |    00005E77  s__HOME  
     0000699D  s__BASE   |    0000699D  s__CODE_0 |    0000699D  s__INITIA
     0000699D  s__LIT    |    000069E7  s__GSINIT |    000069F3  s__GSFINA
     00008000  __VRAM    |    00008000  __VRAM800 |    00008800  __VRAM880
     00009000  __VRAM900 |    00009800  __SCRN0   |    00009C00  __SCRN1  
     0000A000  __SRAM    |    0000C000  __RAM     |    0000C000  _shadow_O
     0000C0A0  s__DATA   |    0000C3EC  s__BSS    |    0000C3EC  s__INITIA
     0000C436  s__HEAP   |    0000D000  __RAMBANK |    0000E000  .STACK   
     0000FE00  __OAMRAM  |    0000FF00  _P1_REG   |    0000FF00  __IO     
     0000FF01  _SB_REG   |    0000FF02  _SC_REG   |    0000FF04  _DIV_REG 
     0000FF05  _TIMA_REG |    0000FF06  _TMA_REG  |    0000FF07  _TAC_REG 
     0000FF0F  _IF_REG   |    0000FF10  _LCDC_REG |    0000FF11  _STAT_REG
     0000FF12  _SCY_REG  |    0000FF13  _SCX_REG  |    0000FF14  _OBP0_REG
     0000FF15  _OBP1_REG |    0000FF16  _WY_REG   |    0000FF17  _WX_REG  
     0000FF18  _LY_REG   |    0000FF19  _LYC_REG  |    0000FF1A  _DMA_REG 
     0000FF1B  _BGP_REG  |    0000FF20  _NR10_REG |    0000FF21  _NR12_REG
     0000FF22  _NR11_REG |    0000FF23  _NR13_REG |    0000FF24  _NR14_REG
     0000FF25  _NR21_REG |    0000FF27  _NR22_REG |    0000FF28  _NR23_REG
     0000FF29  _NR24_REG |    0000FF2A  _NR30_REG |    0000FF2B  _NR31_REG
     0000FF2C  _NR32_REG |    0000FF2D  _NR34_REG |    0000FF2E  _NR33_REG
     0000FF30  _AUD3WAVE |    0000FF30  _PCM_SAMP |    0000FF30  __AUD3WAV
     0000FF40  _NR41_REG |    0000FF41  _NR43_REG |    0000FF42  _NR42_REG
     0000FF43  _NR44_REG |    0000FF44  _NR50_REG |    0000FF45  _NR52_REG
     0000FF46  _NR51_REG |    0000FF4D  _KEY1_REG |    0000FF4F  _VBK_REG 
     0000FF51  _HDMA1_RE |    0000FF52  _HDMA2_RE |    0000FF53  _HDMA3_RE
     0000FF54  _HDMA4_RE |    0000FF55  _HDMA5_RE |    0000FF56  _RP_REG  
     0000FF68  _BCPS_REG |    0000FF69  _BCPD_REG |    0000FF6A  _OCPS_REG
     0000FF6B  _OCPD_REG |    0000FF70  _SVBK_REG |    0000FF76  _PCM12_RE
     0000FF77  _PCM34_RE |    0000FF80  .refresh_ |    0000FF80  __HRAM   
     0000FFFF  _IE_REG  
ASxxxx Linker V03.00 + NoICE + sdld,  page 2.
Hexadecimal  [32-Bits]

Area                       Addr        Size        Decimal Bytes (Attributes)
--------------------       ----        ----        ------- ----- ------------
_CODE                  00000200    00005C77 =       23671. bytes (REL,CON)

        Value  Global            Value  Global            Value  Global    
        -----  ------            -----  ------            -----  ------    
     00000200  _init_sgb |    00000230  _init_fon |    00000241  _init_pal
     000002A6  _init_til |    00000300  _init_spr |    00000336  _init_sou
     00000363  _main     |    00000452  _get_terr |    0000051E  _remove_i
     00000A76  _generate |    00000BB2  _generate |    00000E80  _display_
     00000F13  _prng     |    000010C1  _interpol |    0000112C  _pirate_s
     00001159  _load_spr |    0000119F  _position |    000011FA  _show_men
     0000149C  _change_i |    000014A8  _interact |    0000167A  _attack  
     0000167B  _check_in |    000016E1  _adjust_p |    00001806  _check_mo
     000018E6  _load_sav |    00001A0D  _save_dat |    00001B0C  _set_sgb_
     00001CF5  ___func_b |    00001CF5  _border_d |    00001D35  _border_d
     000038F5  _border_d |    00003FF5  _player_s |    00004057  _landscap
     000041AC  _phrase_l |    000050E8  _wellerma |    000050FD  _set_spri
     00005102  _set_bkg_ |    00005105  .set_pale |    00005124  _set_spri
     00005129  _set_bkg_ |    0000512C  .set_pale |    00005148  _hUGE_ini
     0000514C  _hUGE_ini |    00005157  _hUGE_mut |    0000515B  _hUGE_mut
     00005168  hUGE_mute |    00005182  _hUGE_set |    00005186  _hUGE_set
     0000518F  hUGE_init |    0000540A  hUGE_set_ |    000055B3  _hUGE_dos
     000055B3  _hUGE_dos |    000058C7  _set_vram |    000058D6  _set_win_
     000058DE  _set_bkg_ |    00005908  .sgb_chec |    00005908  _sgb_chec
     00005950  _sgb_tran |    00005955  .sgb_tran |    00005996  _printf  
     000059AF  _gb_decom |    000059B8  gb_decomp |    00005ABF  ___printf
     00005E56  _sprintf 
ASxxxx Linker V03.00 + NoICE + sdld,  page 3.
Hexadecimal  [32-Bits]

Area                       Addr        Size        Decimal Bytes (Attributes)
--------------------       ----        ----        ------- ----- ------------
_HEADER0               00000000    00000003 =           3. bytes (ABS,CON)

        Value  Global            Value  Global            Value  Global    
        -----  ------            -----  ------            -----  ------    
ASxxxx Linker V03.00 + NoICE + sdld,  page 4.
Hexadecimal  [32-Bits]

Area                       Addr        Size        Decimal Bytes (Attributes)
--------------------       ----        ----        ------- ----- ------------
_HEADER1               00000000    00000001 =           1. bytes (ABS,CON)

        Value  Global            Value  Global            Value  Global    
        -----  ------            -----  ------            -----  ------    
     00000020  .call_hl 
ASxxxx Linker V03.00 + NoICE + sdld,  page 5.
Hexadecimal  [32-Bits]

Area                       Addr        Size        Decimal Bytes (Attributes)
--------------------       ----        ----        ------- ----- ------------
_HEADER2               00000000    00000005 =           5. bytes (ABS,CON)

        Value  Global            Value  Global            Value  Global    
        -----  ------            -----  ------            -----  ------    
     00000028  .MemsetSm
ASxxxx Linker V03.00 + NoICE + sdld,  page 6.
Hexadecimal  [32-Bits]

Area                       Addr        Size        Decimal Bytes (Attributes)
--------------------       ----        ----        ------- ----- ------------
_HEADER3               00000000    00000007 =           7. bytes (ABS,CON)

        Value  Global            Value  Global            Value  Global    
        -----  ------            -----  ------            -----  ------    
     00000030  .MemcpySm
ASxxxx Linker V03.00 + NoICE + sdld,  page 7.
Hexadecimal  [32-Bits]

Area                       Addr        Size        Decimal Bytes (Attributes)
--------------------       ----        ----        ------- ----- ------------
_HEADER4               00000000    00000008 =           8. bytes (ABS,CON)

        Value  Global            Value  Global            Value  Global    
        -----  ------            -----  ------            -----  ------    
ASxxxx Linker V03.00 + NoICE + sdld,  page 8.
Hexadecimal  [32-Bits]

Area                       Addr        Size        Decimal Bytes (Attributes)
--------------------       ----        ----        ------- ----- ------------
_HEADER5               00000000    0000004E =          78. bytes (ABS,CON)

        Value  Global            Value  Global            Value  Global    
        -----  ------            -----  ------            -----  ------    
     00000080  .int      |    0000008F  _wait_int |    0000009C  __standar
     000000AC  _refresh_
ASxxxx Linker V03.00 + NoICE + sdld,  page 9.
Hexadecimal  [32-Bits]

Area                       Addr        Size        Decimal Bytes (Attributes)
--------------------       ----        ----        ------- ----- ------------
_HEADER6               00000000    00000073 =         115. bytes (ABS,CON)

        Value  Global            Value  Global            Value  Global    
        -----  ------            -----  ------            -----  ------    
     00000150  .code_sta |    00000150  .reset    |    00000150  _reset   
     000001A8  _exit     |    000001AC  _set_inte
ASxxxx Linker V03.00 + NoICE + sdld,  page 10.
Hexadecimal  [32-Bits]

Area                       Addr        Size        Decimal Bytes (Attributes)
--------------------       ----        ----        ------- ----- ------------
_HEADER7               00000000    00000001 =           1. bytes (ABS,CON)

        Value  Global            Value  Global            Value  Global    
        -----  ------            -----  ------            -----  ------    
ASxxxx Linker V03.00 + NoICE + sdld,  page 11.
Hexadecimal  [32-Bits]

Area                       Addr        Size        Decimal Bytes (Attributes)
--------------------       ----        ----        ------- ----- ------------
_HOME                  00005E77    00000B26 =        2854. bytes (REL,CON)

        Value  Global            Value  Global            Value  Global    
        -----  ------            -----  ------            -----  ------    
     00005E77  .memset_s |    00005E80  .memcpy_s |    00005E9D  .remove_V
     00005EA0  .remove_i |    00005EBD  .add_VBL  |    00005EC0  .add_int 
     00005ECB  .wait_vbl |    00005ECB  _wait_vbl |    00005EDB  .display_
     00005EDB  _display_ |    00005EF3  _remove_V |    00005EFE  _add_VBL 
     00005F09  _font_loa |    00005F10  font_load |    00005F58  font_copy
     00005F8E  font_set  |    00005F9B  .put_char |    00005FB3  .out_char
     00005FB9  .del_char |    0000600F  _putchar  |    00006018  _setchar 
     00006021  _font_loa |    0000602F  _font_set |    0000603E  _font_ini
     0000605D  .cls      |    0000605D  _cls      |    0000607F  _gotoxy  
     0000608A  _posx     |    0000609B  _posy     |    000060C3  .cr_curs 
     000060D8  .adv_curs |    00006134  .tmode    |    0000615D  .tmode_ou
     00006166  _set_bkg_ |    00006166  _set_win_ |    0000616E  _set_spri
     000061C6  .padup    |    000061C6  _waitpadu |    000061D6  .jpad    
     000061D6  _joypad   |    000061FE  _waitpad  |    00006201  .wait_pad
     00006208  _set_tile |    0000620D  _set_bkg_ |    0000620D  _set_win_
     00006215  _set_spri |    00006245  _fill_bkg |    00006257  _color   
     00006257  _set_1bpp |    00006266  _memset   |    00006299  _clock   
     000062A2  .drawing_ |    000062AD  .drawing_ |    000062E9  _add_LCD 
     000062F4  .add_LCD  |    000062FA  _remove_L |    00006305  .remove_L
     0000630B  _font_ibm |    000066BD  _delay    |    000066C2  .delay   
     000066EE  _strcmp   |    0000670B  _set_bkg_ |    0000671F  __divsuch
     0000672C  __modsuch |    00006736  __divusch |    00006748  __modusch
     00006758  __divscha |    00006764  __modscha |    0000676E  __divsint
     0000677F  __modsint |    0000678E  __divucha |    0000679A  __moducha
     000067A4  __divuint |    000067B5  __moduint |    000067C4  .div8    
     000067C4  .mod8     |    000067CC  .div16    |    000067CC  .mod16   
     00006802  .divu8    |    00006802  .modu8    |    00006805  .divu16  
     00006805  .modu16   |    00006846  .fill_rec |    0000684F  .fill_rec
     0000689C  .set_xy_w |    000068A5  .set_xy_b |    000068B4  .set_xy_t
     000068F6  _uitoa    |    00006905  _itoa     |    00006914  .itoa    
     00006928  .utoa     |    0000699C  ___sdcc_c
ASxxxx Linker V03.00 + NoICE + sdld,  page 12.
Hexadecimal  [32-Bits]

Area                       Addr        Size        Decimal Bytes (Attributes)
--------------------       ----        ----        ------- ----- ------------
_INITIALIZER           0000699D    0000004A =          74. bytes (REL,CON)

        Value  Global            Value  Global            Value  Global    
        -----  ------            -----  ------            -----  ------    
ASxxxx Linker V03.00 + NoICE + sdld,  page 13.
Hexadecimal  [32-Bits]

Area                       Addr        Size        Decimal Bytes (Attributes)
--------------------       ----        ----        ------- ----- ------------
_GSINIT                000069E7    0000000C =          12. bytes (REL,CON)

        Value  Global            Value  Global            Value  Global    
        -----  ------            -----  ------            -----  ------    
     000069E7  gsinit   
ASxxxx Linker V03.00 + NoICE + sdld,  page 14.
Hexadecimal  [32-Bits]

Area                       Addr        Size        Decimal Bytes (Attributes)
--------------------       ----        ----        ------- ----- ------------
_GSFINAL               000069F3    00000001 =           1. bytes (REL,CON)

        Value  Global            Value  Global            Value  Global    
        -----  ------            -----  ------            -----  ------    
ASxxxx Linker V03.00 + NoICE + sdld,  page 15.
Hexadecimal  [32-Bits]

Area                       Addr        Size        Decimal Bytes (Attributes)
--------------------       ----        ----        ------- ----- ------------
_DATA                  0000C0A0    0000034C =         844. bytes (REL,CON)

        Value  Global            Value  Global            Value  Global    
        -----  ------            -----  ------            -----  ------    
     0000C0A0  __cpu     |    0000C0A1  __is_GBA  |    0000C0A2  .mode    
     0000C0A3  .sys_time |    0000C0A3  _sys_time |    0000C0A5  .int_0x40
     0000C0B9  _p        |    0000C0CA  _arr_4kb  |    0000C2CA  _map     
     0000C324  _sprites  |    0000C37E  _delay_ti |    0000C380  font_curr
     0000C383  font_firs |    0000C384  font_tabl |    0000C3BB  _hUGE_cur
     0000C3DC  .int_0x48
ASxxxx Linker V03.00 + NoICE + sdld,  page 16.
Hexadecimal  [32-Bits]

Area                       Addr        Size        Decimal Bytes (Attributes)
--------------------       ----        ----        ------- ----- ------------
_INITIALIZED           0000C3EC    0000004A =          74. bytes (REL,CON)

        Value  Global            Value  Global            Value  Global    
        -----  ------            -----  ------            -----  ------    
     0000C3F0  _phrases  |    0000C430  .curx     |    0000C431  .cury    
     0000C432  .fg_colou |    0000C432  __current |    0000C433  .bg_colou
     0000C434  .draw_mod |    0000C435  __map_til
ASxxxx Linker V03.00 + NoICE + sdld,  page 17.
Hexadecimal  [32-Bits]

Area                       Addr        Size        Decimal Bytes (Attributes)
--------------------       ----        ----        ------- ----- ------------
_HRAM8                 00000000    00000003 =           3. bytes (ABS,CON)

        Value  Global            Value  Global            Value  Global    
        -----  ------            -----  ------            -----  ------    
     0000FF90  __current |    0000FF92  __shadow_
ASxxxx Linker V03.00 + NoICE + sdld,  page 18.
Hexadecimal  [32-Bits]

Area                       Addr        Size        Decimal Bytes (Attributes)
--------------------       ----        ----        ------- ----- ------------
_FONT_HEADER0          00000000    00000003 =           3. bytes (ABS,CON)

        Value  Global            Value  Global            Value  Global    
        -----  ------            -----  ------            -----  ------    
ASxxxx Linker V03.00 + NoICE + sdld,  page 19.
Hexadecimal  [32-Bits]

Area                       Addr        Size        Decimal Bytes (Attributes)
--------------------       ----        ----        ------- ----- ------------
_HEADER_LCD0           00000000    00000003 =           3. bytes (ABS,CON)

        Value  Global            Value  Global            Value  Global    
        -----  ------            -----  ------            -----  ------    
ASxxxx Linker V03.00 + NoICE + sdld,  page 20.

Files Linked                              [ module(s) ]

/home/spence/GitHub/gbdk//lib/small/asxxxx/duck/crt0.o
                                          [ Runtime ]
.obj/duck/init.o                          [ init ]
.obj/duck/main.o                          [ main ]
.obj/duck/map.o                           [ map ]
.obj/duck/noise.o                         [ noise ]
.obj/duck/pirate.o                        [ pirate ]
.obj/duck/player.o                        [ player ]
.obj/duck/save.o                          [ save ]
.obj/duck/sgb_border.o                    [ sgb_border ]
.obj/duck/border_data.o                   [ border_data ]
.obj/duck/sprites.o                       [ sprites ]
.obj/duck/tiles.o                         [ tiles ]
.obj/duck/vocab.o                         [ vocab ]
.obj/duck/wellerman.o                     [ wellerman ]


Libraries Linked                          [ object file ]

/home/spence/GitHub/gbdk//lib/small/asxxxx/duck/duck.lib
                                          [ cgb_palettes.o ]
/home/spence/GitHub/gbdk//lib/small/asxxxx/duck/duck.lib
                                          [ font.o ]
res/hUGEDriver.lib                        [ hUGEDriver.obj.o ]
/home/spence/GitHub/gbdk//lib/small/asxxxx/duck/duck.lib
                                          [ sfr.o ]
/home/spence/GitHub/gbdk//lib/small/asxxxx/duck/duck.lib
                                          [ set_1bit_data.o ]
/home/spence/GitHub/gbdk//lib/small/asxxxx/duck/duck.lib
                                          [ pad.o ]
/home/spence/GitHub/gbdk//lib/small/asxxxx/duck/duck.lib
                                          [ set_data.o ]
/home/spence/GitHub/gbdk//lib/small/asxxxx/duck/duck.lib
                                          [ set_tile.o ]
/home/spence/GitHub/gbdk//lib/small/asxxxx/duck/duck.lib
                                          [ sgb.o ]
/home/spence/GitHub/gbdk//lib/small/asxxxx/duck/duck.lib
                                          [ fill_rect_bk.o ]
/home/spence/GitHub/gbdk//lib/small/asxxxx/duck/duck.lib
                                          [ color.o ]
/home/spence/GitHub/gbdk//lib/small/asxxxx/gbz80/gbz80.lib
                                          [ _memset.o ]
/home/spence/GitHub/gbdk//lib/small/asxxxx/duck/duck.lib
                                          [ clock.o ]
/home/spence/GitHub/gbdk//lib/small/asxxxx/duck/duck.lib
                                          [ drawing_isr.o ]
/home/spence/GitHub/gbdk//lib/small/asxxxx/duck/duck.lib
                                          [ lcd.o ]
/home/spence/GitHub/gbdk//lib/small/asxxxx/duck/duck.lib
                                          [ f_ibm_sh.o ]
/home/spence/GitHub/gbdk//lib/small/asxxxx/duck/duck.lib
                                          [ delay.o ]
/home/spence/GitHub/gbdk//lib/small/asxxxx/gbz80/gbz80.lib
                                          [ printf.o ]
/home/spence/GitHub/gbdk//lib/small/asxxxx/gbz80/gbz80.lib
                                          [ _strcmp.o ]
/home/spence/GitHub/gbdk//lib/small/asxxxx/duck/duck.lib
                                          [ gb_decompress.o ]
/home/spence/GitHub/gbdk//lib/small/asxxxx/duck/duck.lib
                                          [ set_bk_t.o ]
/home/spence/GitHub/gbdk//lib/small/asxxxx/gbz80/gbz80.lib
                                          [ div.o ]
/home/spence/GitHub/gbdk//lib/small/asxxxx/duck/duck.lib
                                          [ fill_rect.o ]
/home/spence/GitHub/gbdk//lib/small/asxxxx/gbz80/gbz80.lib
                                          [ sprintf.o ]
/home/spence/GitHub/gbdk//lib/small/asxxxx/duck/duck.lib
                                          [ set_xy_t.o ]
/home/spence/GitHub/gbdk//lib/small/asxxxx/gbz80/gbz80.lib
                                          [ itoa.o ]
/home/spence/GitHub/gbdk//lib/small/asxxxx/gbz80/gbz80.lib
                                          [ __sdcc_call_hl.o ]

ASxxxx Linker V03.00 + NoICE + sdld,  page 21.

User Base Address Definitions

_DATA=0xC0A0
_CODE=0x0200
ASxxxx Linker V03.00 + NoICE + sdld,  page 22.

User Global Definitions

_shadow_OAM=0xC000
.STACK=0xE000
.refresh_OAM=0xFF80

