ASxxxx Linker V03.00 + NoICE + sdld,  page 1.
Hexadecimal  [32-Bits]

Area                       Addr        Size        Decimal Bytes (Attributes)
--------------------       ----        ----        ------- ----- ------------
.  .ABS.               00000000    00000000 =           0. bytes (ABS,CON)

        Value  Global            Value  Global            Value  Global    
        -----  ------            -----  ------            -----  ------    
     00000000  .__.ABS.  |    00000000  ___bank_b |    00000000  _rRAMG   
     00000000  l__BASE   |    00000000  l__BSS    |    00000000  l__CABS  
     00000000  l__CODE_0 |    00000000  l__DABS   |    00000000  l__FONT_H
     00000000  l__HEADER |    00000000  l__HEADER |    00000000  l__HEAP  
     00000000  l__HRAM   |    00000000  l__LIT    |    00000000  s__CABS  
     00000000  s__DABS   |    00000000  s__FONT_H |    00000000  s__FONT_H
     00000000  s__HEADER |    00000000  s__HEADER |    00000000  s__HEADER
     00000000  s__HEADER |    00000000  s__HEADER |    00000000  s__HEADER
     00000000  s__HEADER |    00000000  s__HEADER |    00000000  s__HEADER
     00000000  s__HEADER |    00000000  s__HEADER |    00000000  s__HEADER
     00000000  s__HEADER |    00000000  s__HEADER |    00000000  s__HEADER
     00000000  s__HEADER |    00000000  s__HEADER |    00000000  s__HEADER
     00000000  s__HEADER |    00000000  s__HEADER |    00000000  s__HEADER
     00000000  s__HRAM   |    00000000  s__HRAM12 |    00000001  l__GSFINA
     00000001  l__HEADER |    00000001  l__HEADER |    00000001  l__HEADER
     00000001  l__HEADER |    00000001  l__HEADER |    00000001  l__HEADER
     00000001  l__HEADER |    00000002  l__HEADER |    00000002  l__HEADER
     00000002  l__HEADER |    00000003  l__FONT_H |    00000003  l__HEADER
     00000003  l__HEADER |    00000003  l__HRAM12 |    00000005  l__HEADER
     00000006  l__HEADER |    00000007  l__HEADER |    00000008  l__HEADER
     0000000C  l__GSINIT |    0000002C  l__INITIA |    0000002C  l__INITIA
     00000030  l__HEADER |    0000004E  l__HEADER |    00000082  l__HEADER
     00000200  s__CODE   |    000002EC  l__DATA   |    00000B26  l__HOME  
     00002000  _rROMB0   |    00003000  _rROMB1   |    00004000  _rRAMB   
     00004909  l__CODE   |    00004B09  s__HOME   |    0000562F  s__BASE  
     0000562F  s__CODE_0 |    0000562F  s__INITIA |    0000562F  s__LIT   
     0000565B  s__GSINIT |    00005667  s__GSFINA |    00008000  __VRAM   
     00008000  __VRAM800 |    00008800  __VRAM880 |    00009000  __VRAM900
     00009800  __SCRN0   |    00009C00  __SCRN1   |    0000A000  __SRAM   
     0000C000  __RAM     |    0000C000  _shadow_O |    0000C0A0  s__DATA  
     0000C38C  s__BSS    |    0000C38C  s__INITIA |    0000C3B8  s__HEAP  
     0000D000  __RAMBANK |    0000E000  .STACK    |    0000FE00  __OAMRAM 
     0000FF00  _P1_REG   |    0000FF00  __IO      |    0000FF01  _SB_REG  
     0000FF02  _SC_REG   |    0000FF04  _DIV_REG  |    0000FF05  _TIMA_REG
     0000FF06  _TMA_REG  |    0000FF07  _TAC_REG  |    0000FF0F  _IF_REG  
     0000FF10  _NR10_REG |    0000FF11  _NR11_REG |    0000FF12  _NR12_REG
     0000FF13  _NR13_REG |    0000FF14  _NR14_REG |    0000FF16  _NR21_REG
     0000FF17  _NR22_REG |    0000FF18  _NR23_REG |    0000FF19  _NR24_REG
     0000FF1A  _NR30_REG |    0000FF1B  _NR31_REG |    0000FF1C  _NR32_REG
     0000FF1D  _NR33_REG |    0000FF1E  _NR34_REG |    0000FF20  _NR41_REG
     0000FF21  _NR42_REG |    0000FF22  _NR43_REG |    0000FF23  _NR44_REG
     0000FF24  _NR50_REG |    0000FF25  _NR51_REG |    0000FF26  _NR52_REG
     0000FF30  _AUD3WAVE |    0000FF30  _PCM_SAMP |    0000FF30  __AUD3WAV
     0000FF40  _LCDC_REG |    0000FF41  _STAT_REG |    0000FF42  _SCY_REG 
     0000FF43  _SCX_REG  |    0000FF44  _LY_REG   |    0000FF45  _LYC_REG 
     0000FF46  _DMA_REG  |    0000FF47  _BGP_REG  |    0000FF48  _OBP0_REG
     0000FF49  _OBP1_REG |    0000FF4A  _WY_REG   |    0000FF4B  _WX_REG  
     0000FF4D  _KEY1_REG |    0000FF4F  _VBK_REG  |    0000FF51  _HDMA1_RE
     0000FF52  _HDMA2_RE |    0000FF53  _HDMA3_RE |    0000FF54  _HDMA4_RE
     0000FF55  _HDMA5_RE |    0000FF56  _RP_REG   |    0000FF68  _BCPS_REG
ASxxxx Linker V03.00 + NoICE + sdld,  page 2.
Hexadecimal  [32-Bits]

Area                       Addr        Size        Decimal Bytes (Attributes)
--------------------       ----        ----        ------- ----- ------------
.  .ABS.               00000000    00000000 =           0. bytes (ABS,CON)

        Value  Global            Value  Global            Value  Global    
        -----  ------            -----  ------            -----  ------    
     0000FF69  _BCPD_REG |    0000FF6A  _OCPS_REG |    0000FF6B  _OCPD_REG
     0000FF70  _SVBK_REG |    0000FF76  _PCM12_RE |    0000FF77  _PCM34_RE
     0000FF80  .refresh_ |    0000FF80  __HRAM    |    0000FFFF  _IE_REG  
ASxxxx Linker V03.00 + NoICE + sdld,  page 3.
Hexadecimal  [32-Bits]

Area                       Addr        Size        Decimal Bytes (Attributes)
--------------------       ----        ----        ------- ----- ------------
_CODE                  00000200    00004909 =       18697. bytes (REL,CON)

        Value  Global            Value  Global            Value  Global    
        -----  ------            -----  ------            -----  ------    
     00000200  _init_sgb |    00000230  _init_fon |    00000241  _init_pal
     00000244  _init_til |    0000029E  _init_spr |    000002D4  _init_sou
     00000301  _main     |    000003E2  _get_terr |    0000047E  _remove_i
     0000091B  _generate |    000009FB  _generate |    00000C08  _display_
     00000C9B  _prng     |    00000D94  _interpol |    00001145  _pirate_s
     00001170  _load_spr |    000011B6  _position |    00001211  _show_men
     00001474  _change_i |    00001480  _interact |    00001612  _attack  
     00001613  _check_in |    00001675  _adjust_p |    00001712  _check_mo
     000017A0  _load_sav |    0000189D  _save_dat |    00001982  _set_sgb_
     00001B6B  ___func_b |    00001B6B  _border_d |    00001B8B  _border_d
     0000290B  _border_d |    0000300B  _player_s |    0000306D  _landscap
     000031C2  _phrase_l |    00003D61  _wellerma |    00003D76  _hUGE_ini
     00003D7A  _hUGE_ini |    00003D85  _hUGE_mut |    00003D89  _hUGE_mut
     00003D96  hUGE_mute |    00003DB0  _hUGE_set |    00003DB4  _hUGE_set
     00003DBD  hUGE_init |    00004038  hUGE_set_ |    000041E1  _hUGE_dos
     000041E1  _hUGE_dos |    000044F5  _set_vram |    00004504  _set_win_
     0000450C  _set_bkg_ |    00004536  .sgb_chec |    00004536  _sgb_chec
     0000457E  _sgb_tran |    00004583  .sgb_tran |    000045C4  _printf  
     000045DD  _gb_decom |    000045E6  gb_decomp |    00004643  _cgb_comp
     00004643  _set_defa |    0000465C  _set_spri |    00004661  _set_bkg_
     00004664  .set_pale |    00004683  _set_spri |    00004688  _set_bkg_
     0000468B  .set_pale |    00004751  ___printf |    00004AE8  _sprintf 
ASxxxx Linker V03.00 + NoICE + sdld,  page 4.
Hexadecimal  [32-Bits]

Area                       Addr        Size        Decimal Bytes (Attributes)
--------------------       ----        ----        ------- ----- ------------
_HEADER0               00000000    00000001 =           1. bytes (ABS,CON)

        Value  Global            Value  Global            Value  Global    
        -----  ------            -----  ------            -----  ------    
     00000020  .call_hl 
ASxxxx Linker V03.00 + NoICE + sdld,  page 5.
Hexadecimal  [32-Bits]

Area                       Addr        Size        Decimal Bytes (Attributes)
--------------------       ----        ----        ------- ----- ------------
_HEADER1               00000000    00000005 =           5. bytes (ABS,CON)

        Value  Global            Value  Global            Value  Global    
        -----  ------            -----  ------            -----  ------    
     00000028  .MemsetSm
ASxxxx Linker V03.00 + NoICE + sdld,  page 6.
Hexadecimal  [32-Bits]

Area                       Addr        Size        Decimal Bytes (Attributes)
--------------------       ----        ----        ------- ----- ------------
_HEADER2               00000000    00000007 =           7. bytes (ABS,CON)

        Value  Global            Value  Global            Value  Global    
        -----  ------            -----  ------            -----  ------    
     00000030  .MemcpySm
ASxxxx Linker V03.00 + NoICE + sdld,  page 7.
Hexadecimal  [32-Bits]

Area                       Addr        Size        Decimal Bytes (Attributes)
--------------------       ----        ----        ------- ----- ------------
_HEADER3               00000000    00000008 =           8. bytes (ABS,CON)

        Value  Global            Value  Global            Value  Global    
        -----  ------            -----  ------            -----  ------    
ASxxxx Linker V03.00 + NoICE + sdld,  page 8.
Hexadecimal  [32-Bits]

Area                       Addr        Size        Decimal Bytes (Attributes)
--------------------       ----        ----        ------- ----- ------------
_HEADER4               00000000    0000004E =          78. bytes (ABS,CON)

        Value  Global            Value  Global            Value  Global    
        -----  ------            -----  ------            -----  ------    
     00000080  .int      |    0000008F  _wait_int |    0000009C  __standar
     000000AC  _refresh_
ASxxxx Linker V03.00 + NoICE + sdld,  page 9.
Hexadecimal  [32-Bits]

Area                       Addr        Size        Decimal Bytes (Attributes)
--------------------       ----        ----        ------- ----- ------------
_HEADER5               00000000    00000002 =           2. bytes (ABS,CON)

        Value  Global            Value  Global            Value  Global    
        -----  ------            -----  ------            -----  ------    
ASxxxx Linker V03.00 + NoICE + sdld,  page 10.
Hexadecimal  [32-Bits]

Area                       Addr        Size        Decimal Bytes (Attributes)
--------------------       ----        ----        ------- ----- ------------
_HEADER6               00000000    00000030 =          48. bytes (ABS,CON)

        Value  Global            Value  Global            Value  Global    
        -----  ------            -----  ------            -----  ------    
ASxxxx Linker V03.00 + NoICE + sdld,  page 11.
Hexadecimal  [32-Bits]

Area                       Addr        Size        Decimal Bytes (Attributes)
--------------------       ----        ----        ------- ----- ------------
_HEADER7               00000000    00000006 =           6. bytes (ABS,CON)

        Value  Global            Value  Global            Value  Global    
        -----  ------            -----  ------            -----  ------    
ASxxxx Linker V03.00 + NoICE + sdld,  page 12.
Hexadecimal  [32-Bits]

Area                       Addr        Size        Decimal Bytes (Attributes)
--------------------       ----        ----        ------- ----- ------------
_HEADER8               00000000    00000003 =           3. bytes (ABS,CON)

        Value  Global            Value  Global            Value  Global    
        -----  ------            -----  ------            -----  ------    
ASxxxx Linker V03.00 + NoICE + sdld,  page 13.
Hexadecimal  [32-Bits]

Area                       Addr        Size        Decimal Bytes (Attributes)
--------------------       ----        ----        ------- ----- ------------
_HEADER9               00000000    00000001 =           1. bytes (ABS,CON)

        Value  Global            Value  Global            Value  Global    
        -----  ------            -----  ------            -----  ------    
ASxxxx Linker V03.00 + NoICE + sdld,  page 14.
Hexadecimal  [32-Bits]

Area                       Addr        Size        Decimal Bytes (Attributes)
--------------------       ----        ----        ------- ----- ------------
_HEADERa               00000000    00000001 =           1. bytes (ABS,CON)

        Value  Global            Value  Global            Value  Global    
        -----  ------            -----  ------            -----  ------    
ASxxxx Linker V03.00 + NoICE + sdld,  page 15.
Hexadecimal  [32-Bits]

Area                       Addr        Size        Decimal Bytes (Attributes)
--------------------       ----        ----        ------- ----- ------------
_HEADERb               00000000    00000001 =           1. bytes (ABS,CON)

        Value  Global            Value  Global            Value  Global    
        -----  ------            -----  ------            -----  ------    
ASxxxx Linker V03.00 + NoICE + sdld,  page 16.
Hexadecimal  [32-Bits]

Area                       Addr        Size        Decimal Bytes (Attributes)
--------------------       ----        ----        ------- ----- ------------
_HEADERc               00000000    00000002 =           2. bytes (ABS,CON)

        Value  Global            Value  Global            Value  Global    
        -----  ------            -----  ------            -----  ------    
ASxxxx Linker V03.00 + NoICE + sdld,  page 17.
Hexadecimal  [32-Bits]

Area                       Addr        Size        Decimal Bytes (Attributes)
--------------------       ----        ----        ------- ----- ------------
_HEADERd               00000000    00000001 =           1. bytes (ABS,CON)

        Value  Global            Value  Global            Value  Global    
        -----  ------            -----  ------            -----  ------    
ASxxxx Linker V03.00 + NoICE + sdld,  page 18.
Hexadecimal  [32-Bits]

Area                       Addr        Size        Decimal Bytes (Attributes)
--------------------       ----        ----        ------- ----- ------------
_HEADERe               00000000    00000001 =           1. bytes (ABS,CON)

        Value  Global            Value  Global            Value  Global    
        -----  ------            -----  ------            -----  ------    
ASxxxx Linker V03.00 + NoICE + sdld,  page 19.
Hexadecimal  [32-Bits]

Area                       Addr        Size        Decimal Bytes (Attributes)
--------------------       ----        ----        ------- ----- ------------
_HEADERf               00000000    00000002 =           2. bytes (ABS,CON)

        Value  Global            Value  Global            Value  Global    
        -----  ------            -----  ------            -----  ------    
ASxxxx Linker V03.00 + NoICE + sdld,  page 20.
Hexadecimal  [32-Bits]

Area                       Addr        Size        Decimal Bytes (Attributes)
--------------------       ----        ----        ------- ----- ------------
_HEADER10              00000000    00000082 =         130. bytes (ABS,CON)

        Value  Global            Value  Global            Value  Global    
        -----  ------            -----  ------            -----  ------    
     00000150  .reset    |    00000150  _reset    |    00000157  .code_sta
     000001B7  _exit     |    000001BB  _set_inte
ASxxxx Linker V03.00 + NoICE + sdld,  page 21.
Hexadecimal  [32-Bits]

Area                       Addr        Size        Decimal Bytes (Attributes)
--------------------       ----        ----        ------- ----- ------------
_HEADER11              00000000    00000001 =           1. bytes (ABS,CON)

        Value  Global            Value  Global            Value  Global    
        -----  ------            -----  ------            -----  ------    
ASxxxx Linker V03.00 + NoICE + sdld,  page 22.
Hexadecimal  [32-Bits]

Area                       Addr        Size        Decimal Bytes (Attributes)
--------------------       ----        ----        ------- ----- ------------
_HOME                  00004B09    00000B26 =        2854. bytes (REL,CON)

        Value  Global            Value  Global            Value  Global    
        -----  ------            -----  ------            -----  ------    
     00004B09  .memset_s |    00004B12  .memcpy_s |    00004B2F  .remove_V
     00004B32  .remove_i |    00004B4F  .add_VBL  |    00004B52  .add_int 
     00004B5D  .wait_vbl |    00004B5D  _wait_vbl |    00004B6D  .display_
     00004B6D  _display_ |    00004B85  _remove_V |    00004B90  _add_VBL 
     00004B9B  _font_loa |    00004BA2  font_load |    00004BEA  font_copy
     00004C20  font_set  |    00004C2D  .put_char |    00004C45  .out_char
     00004C4B  .del_char |    00004CA1  _putchar  |    00004CAA  _setchar 
     00004CB3  _font_loa |    00004CC1  _font_set |    00004CD0  _font_ini
     00004CEF  .cls      |    00004CEF  _cls      |    00004D11  _gotoxy  
     00004D1C  _posx     |    00004D2D  _posy     |    00004D55  .cr_curs 
     00004D6A  .adv_curs |    00004DC6  .tmode    |    00004DEF  .tmode_ou
     00004DF8  _set_bkg_ |    00004DF8  _set_win_ |    00004E00  _set_spri
     00004E58  .padup    |    00004E58  _waitpadu |    00004E68  .jpad    
     00004E68  _joypad   |    00004E90  _waitpad  |    00004E93  .wait_pad
     00004E9A  _set_tile |    00004E9F  _set_bkg_ |    00004E9F  _set_win_
     00004EA7  _set_spri |    00004ED7  _fill_bkg |    00004EE9  _color   
     00004EE9  _set_1bpp |    00004EF8  _memset   |    00004F2B  _clock   
     00004F34  .drawing_ |    00004F3F  .drawing_ |    00004F7B  _add_LCD 
     00004F86  .add_LCD  |    00004F8C  _remove_L |    00004F97  .remove_L
     00004F9D  _font_ibm |    0000534F  _delay    |    00005354  .delay   
     00005380  _strcmp   |    0000539D  __divsuch |    000053AA  __modsuch
     000053B4  __divusch |    000053C6  __modusch |    000053D6  __divscha
     000053E2  __modscha |    000053EC  __divsint |    000053FD  __modsint
     0000540C  __divucha |    00005418  __moducha |    00005422  __divuint
     00005433  __moduint |    00005442  .div8     |    00005442  .mod8    
     0000544A  .div16    |    0000544A  .mod16    |    00005480  .divu8   
     00005480  .modu8    |    00005483  .divu16   |    00005483  .modu16  
     000054C4  _set_bkg_ |    000054D8  .fill_rec |    000054E1  .fill_rec
     0000552E  .set_xy_w |    00005537  .set_xy_b |    00005546  .set_xy_t
     00005588  _uitoa    |    00005597  _itoa     |    000055A6  .itoa    
     000055BA  .utoa     |    0000562E  ___sdcc_c
ASxxxx Linker V03.00 + NoICE + sdld,  page 23.
Hexadecimal  [32-Bits]

Area                       Addr        Size        Decimal Bytes (Attributes)
--------------------       ----        ----        ------- ----- ------------
_INITIALIZER           0000562F    0000002C =          44. bytes (REL,CON)

        Value  Global            Value  Global            Value  Global    
        -----  ------            -----  ------            -----  ------    
ASxxxx Linker V03.00 + NoICE + sdld,  page 24.
Hexadecimal  [32-Bits]

Area                       Addr        Size        Decimal Bytes (Attributes)
--------------------       ----        ----        ------- ----- ------------
_GSINIT                0000565B    0000000C =          12. bytes (REL,CON)

        Value  Global            Value  Global            Value  Global    
        -----  ------            -----  ------            -----  ------    
     0000565B  gsinit   
ASxxxx Linker V03.00 + NoICE + sdld,  page 25.
Hexadecimal  [32-Bits]

Area                       Addr        Size        Decimal Bytes (Attributes)
--------------------       ----        ----        ------- ----- ------------
_GSFINAL               00005667    00000001 =           1. bytes (REL,CON)

        Value  Global            Value  Global            Value  Global    
        -----  ------            -----  ------            -----  ------    
ASxxxx Linker V03.00 + NoICE + sdld,  page 26.
Hexadecimal  [32-Bits]

Area                       Addr        Size        Decimal Bytes (Attributes)
--------------------       ----        ----        ------- ----- ------------
_DATA                  0000C0A0    000002EC =         748. bytes (REL,CON)

        Value  Global            Value  Global            Value  Global    
        -----  ------            -----  ------            -----  ------    
     0000C0A0  __cpu     |    0000C0A1  __is_GBA  |    0000C0A2  .mode    
     0000C0A3  .sys_time |    0000C0A3  _sys_time |    0000C0A5  .int_0x40
     0000C0B9  _p        |    0000C0C4  _arr_4kb  |    0000C2C4  _map     
     0000C31E  _delay_ti |    0000C320  font_curr |    0000C323  font_firs
     0000C324  font_tabl |    0000C35B  _hUGE_cur |    0000C37C  .int_0x48
ASxxxx Linker V03.00 + NoICE + sdld,  page 27.
Hexadecimal  [32-Bits]

Area                       Addr        Size        Decimal Bytes (Attributes)
--------------------       ----        ----        ------- ----- ------------
_INITIALIZED           0000C38C    0000002C =          44. bytes (REL,CON)

        Value  Global            Value  Global            Value  Global    
        -----  ------            -----  ------            -----  ------    
     0000C390  _phrases  |    0000C3B2  .curx     |    0000C3B3  .cury    
     0000C3B4  .fg_colou |    0000C3B4  __current |    0000C3B5  .bg_colou
     0000C3B6  .draw_mod |    0000C3B7  __map_til
ASxxxx Linker V03.00 + NoICE + sdld,  page 28.
Hexadecimal  [32-Bits]

Area                       Addr        Size        Decimal Bytes (Attributes)
--------------------       ----        ----        ------- ----- ------------
_HRAM12                00000000    00000003 =           3. bytes (ABS,CON)

        Value  Global            Value  Global            Value  Global    
        -----  ------            -----  ------            -----  ------    
     0000FF90  __current |    0000FF92  __shadow_
ASxxxx Linker V03.00 + NoICE + sdld,  page 29.
Hexadecimal  [32-Bits]

Area                       Addr        Size        Decimal Bytes (Attributes)
--------------------       ----        ----        ------- ----- ------------
_FONT_HEADER0          00000000    00000003 =           3. bytes (ABS,CON)

        Value  Global            Value  Global            Value  Global    
        -----  ------            -----  ------            -----  ------    
ASxxxx Linker V03.00 + NoICE + sdld,  page 30.
Hexadecimal  [32-Bits]

Area                       Addr        Size        Decimal Bytes (Attributes)
--------------------       ----        ----        ------- ----- ------------
_HEADER_LCD0           00000000    00000003 =           3. bytes (ABS,CON)

        Value  Global            Value  Global            Value  Global    
        -----  ------            -----  ------            -----  ------    
ASxxxx Linker V03.00 + NoICE + sdld,  page 31.

Files Linked                              [ module(s) ]

/home/spence/GitHub/gbdk//lib/small/asxxxx/gb/crt0.o
                                          [ Runtime ]
.obj/gbc/init.o                           [ init ]
.obj/gbc/main.o                           [ main ]
.obj/gbc/map.o                            [ map ]
.obj/gbc/noise.o                          [ noise ]
.obj/gbc/pirate.o                         [ pirate ]
.obj/gbc/player.o                         [ player ]
.obj/gbc/save.o                           [ save ]
.obj/gbc/sgb_border.o                     [ sgb_border ]
.obj/gbc/border_data.o                    [ border_data ]
.obj/gbc/sprites.o                        [ sprites ]
.obj/gbc/tiles.o                          [ tiles ]
.obj/gbc/vocab.o                          [ vocab ]
.obj/gbc/wellerman.o                      [ wellerman ]


Libraries Linked                          [ object file ]

/home/spence/GitHub/gbdk//lib/small/asxxxx/gb/gb.lib
                                          [ font.o ]
res/hUGEDriver.lib                        [ hUGEDriver.obj.o ]
/home/spence/GitHub/gbdk//lib/small/asxxxx/gb/gb.lib
                                          [ sfr.o ]
/home/spence/GitHub/gbdk//lib/small/asxxxx/gb/gb.lib
                                          [ set_1bit_data.o ]
/home/spence/GitHub/gbdk//lib/small/asxxxx/gb/gb.lib
                                          [ pad.o ]
/home/spence/GitHub/gbdk//lib/small/asxxxx/gb/gb.lib
                                          [ set_data.o ]
/home/spence/GitHub/gbdk//lib/small/asxxxx/gb/gb.lib
                                          [ set_tile.o ]
/home/spence/GitHub/gbdk//lib/small/asxxxx/gb/gb.lib
                                          [ sgb.o ]
/home/spence/GitHub/gbdk//lib/small/asxxxx/gb/gb.lib
                                          [ fill_rect_bk.o ]
/home/spence/GitHub/gbdk//lib/small/asxxxx/gb/gb.lib
                                          [ color.o ]
/home/spence/GitHub/gbdk//lib/small/asxxxx/gbz80/gbz80.lib
                                          [ _memset.o ]
/home/spence/GitHub/gbdk//lib/small/asxxxx/gb/gb.lib
                                          [ clock.o ]
/home/spence/GitHub/gbdk//lib/small/asxxxx/gb/gb.lib
                                          [ drawing_isr.o ]
/home/spence/GitHub/gbdk//lib/small/asxxxx/gb/gb.lib
                                          [ lcd.o ]
/home/spence/GitHub/gbdk//lib/small/asxxxx/gb/gb.lib
                                          [ f_ibm_sh.o ]
/home/spence/GitHub/gbdk//lib/small/asxxxx/gb/gb.lib
                                          [ delay.o ]
/home/spence/GitHub/gbdk//lib/small/asxxxx/gbz80/gbz80.lib
                                          [ printf.o ]
/home/spence/GitHub/gbdk//lib/small/asxxxx/gbz80/gbz80.lib
                                          [ _strcmp.o ]
/home/spence/GitHub/gbdk//lib/small/asxxxx/gbz80/gbz80.lib
                                          [ div.o ]
/home/spence/GitHub/gbdk//lib/small/asxxxx/gb/gb.lib
                                          [ gb_decompress.o ]
/home/spence/GitHub/gbdk//lib/small/asxxxx/gb/gb.lib
                                          [ cgb_compat.o ]
/home/spence/GitHub/gbdk//lib/small/asxxxx/gb/gb.lib
                                          [ set_bk_t.o ]
/home/spence/GitHub/gbdk//lib/small/asxxxx/gb/gb.lib
                                          [ fill_rect.o ]
/home/spence/GitHub/gbdk//lib/small/asxxxx/gb/gb.lib
                                          [ cgb_palettes.o ]
/home/spence/GitHub/gbdk//lib/small/asxxxx/gbz80/gbz80.lib
                                          [ sprintf.o ]
/home/spence/GitHub/gbdk//lib/small/asxxxx/gb/gb.lib
                                          [ set_xy_t.o ]
/home/spence/GitHub/gbdk//lib/small/asxxxx/gbz80/gbz80.lib
                                          [ itoa.o ]
/home/spence/GitHub/gbdk//lib/small/asxxxx/gbz80/gbz80.lib
                                          [ __sdcc_call_hl.o ]

ASxxxx Linker V03.00 + NoICE + sdld,  page 32.

User Base Address Definitions

_DATA=0xC0A0
_CODE=0x0200
ASxxxx Linker V03.00 + NoICE + sdld,  page 33.

User Global Definitions

_shadow_OAM=0xC000
.STACK=0xE000
.refresh_OAM=0xFF80

