ASxxxx Linker V03.00 + NoICE + sdld,  page 1.
Hexadecimal  [32-Bits]

Area                       Addr        Size        Decimal Bytes (Attributes)
--------------------       ----        ----        ------- ----- ------------
.  .ABS.               00000000    00000000 =           0. bytes (ABS,CON)

        Value  Global            Value  Global            Value  Global    
        -----  ------            -----  ------            -----  ------    
     00000000  .__.ABS.  |    00000000  ___bank_b |    00000000  _rRAMG   
     00000000  l__BASE   |    00000000  l__BSS    |    00000000  l__CABS  
     00000000  l__CODE_0 |    00000000  l__DABS   |    00000000  l__FONT_H
     00000000  l__HEADER |    00000000  l__HEADER |    00000000  l__HEAP  
     00000000  l__HRAM   |    00000000  l__LIT    |    00000000  s__CABS  
     00000000  s__DABS   |    00000000  s__FONT_H |    00000000  s__FONT_H
     00000000  s__HEADER |    00000000  s__HEADER |    00000000  s__HEADER
     00000000  s__HEADER |    00000000  s__HEADER |    00000000  s__HEADER
     00000000  s__HEADER |    00000000  s__HEADER |    00000000  s__HEADER
     00000000  s__HEADER |    00000000  s__HEADER |    00000000  s__HEADER
     00000000  s__HEADER |    00000000  s__HEADER |    00000000  s__HEADER
     00000000  s__HEADER |    00000000  s__HEADER |    00000000  s__HEADER
     00000000  s__HEADER |    00000000  s__HEADER |    00000000  s__HEADER
     00000000  s__HRAM   |    00000000  s__HRAM12 |    00000001  l__GSFINA
     00000001  l__HEADER |    00000001  l__HEADER |    00000001  l__HEADER
     00000001  l__HEADER |    00000001  l__HEADER |    00000001  l__HEADER
     00000001  l__HEADER |    00000002  l__HEADER |    00000002  l__HEADER
     00000002  l__HEADER |    00000003  l__FONT_H |    00000003  l__HEADER
     00000003  l__HEADER |    00000003  l__HRAM12 |    00000005  l__HEADER
     00000006  l__HEADER |    00000007  l__HEADER |    00000008  l__HEADER
     0000000C  l__GSINIT |    00000030  l__HEADER |    0000004A  l__INITIA
     0000004A  l__INITIA |    0000004E  l__HEADER |    00000082  l__HEADER
     00000200  s__CODE   |    0000034C  l__DATA   |    00000B26  l__HOME  
     00002000  _rROMB0   |    00003000  _rROMB1   |    00004000  _rRAMB   
     00005C67  l__CODE   |    00005E67  s__HOME   |    0000698D  s__BASE  
     0000698D  s__CODE_0 |    0000698D  s__INITIA |    0000698D  s__LIT   
     000069D7  s__GSINIT |    000069E3  s__GSFINA |    00008000  __VRAM   
     00008000  __VRAM800 |    00008800  __VRAM880 |    00009000  __VRAM900
     00009800  __SCRN0   |    00009C00  __SCRN1   |    0000A000  __SRAM   
     0000C000  __RAM     |    0000C000  _shadow_O |    0000C0A0  s__DATA  
     0000C3EC  s__BSS    |    0000C3EC  s__INITIA |    0000C436  s__HEAP  
     0000D000  __RAMBANK |    0000E000  .STACK    |    0000FE00  __OAMRAM 
     0000FF00  _P1_REG   |    0000FF00  __IO      |    0000FF01  _SB_REG  
     0000FF02  _SC_REG   |    0000FF04  _DIV_REG  |    0000FF05  _TIMA_REG
     0000FF06  _TMA_REG  |    0000FF07  _TAC_REG  |    0000FF0F  _IF_REG  
     0000FF10  _NR10_REG |    0000FF11  _NR11_REG |    0000FF12  _NR12_REG
     0000FF13  _NR13_REG |    0000FF14  _NR14_REG |    0000FF16  _NR21_REG
     0000FF17  _NR22_REG |    0000FF18  _NR23_REG |    0000FF19  _NR24_REG
     0000FF1A  _NR30_REG |    0000FF1B  _NR31_REG |    0000FF1C  _NR32_REG
     0000FF1D  _NR33_REG |    0000FF1E  _NR34_REG |    0000FF20  _NR41_REG
     0000FF21  _NR42_REG |    0000FF22  _NR43_REG |    0000FF23  _NR44_REG
     0000FF24  _NR50_REG |    0000FF25  _NR51_REG |    0000FF26  _NR52_REG
     0000FF30  _AUD3WAVE |    0000FF30  _PCM_SAMP |    0000FF30  __AUD3WAV
     0000FF40  _LCDC_REG |    0000FF41  _STAT_REG |    0000FF42  _SCY_REG 
     0000FF43  _SCX_REG  |    0000FF44  _LY_REG   |    0000FF45  _LYC_REG 
     0000FF46  _DMA_REG  |    0000FF47  _BGP_REG  |    0000FF48  _OBP0_REG
     0000FF49  _OBP1_REG |    0000FF4A  _WY_REG   |    0000FF4B  _WX_REG  
     0000FF4D  _KEY1_REG |    0000FF4F  _VBK_REG  |    0000FF51  _HDMA1_RE
     0000FF52  _HDMA2_RE |    0000FF53  _HDMA3_RE |    0000FF54  _HDMA4_RE
     0000FF55  _HDMA5_RE |    0000FF56  _RP_REG   |    0000FF68  _BCPS_REG
ASxxxx Linker V03.00 + NoICE + sdld,  page 2.
Hexadecimal  [32-Bits]

Area                       Addr        Size        Decimal Bytes (Attributes)
--------------------       ----        ----        ------- ----- ------------
.  .ABS.               00000000    00000000 =           0. bytes (ABS,CON)

        Value  Global            Value  Global            Value  Global    
        -----  ------            -----  ------            -----  ------    
     0000FF69  _BCPD_REG |    0000FF6A  _OCPS_REG |    0000FF6B  _OCPD_REG
     0000FF70  _SVBK_REG |    0000FF76  _PCM12_RE |    0000FF77  _PCM34_RE
     0000FF80  .refresh_ |    0000FF80  __HRAM    |    0000FFFF  _IE_REG  
ASxxxx Linker V03.00 + NoICE + sdld,  page 3.
Hexadecimal  [32-Bits]

Area                       Addr        Size        Decimal Bytes (Attributes)
--------------------       ----        ----        ------- ----- ------------
_CODE                  00000200    00005C67 =       23655. bytes (REL,CON)

        Value  Global            Value  Global            Value  Global    
        -----  ------            -----  ------            -----  ------    
     00000200  _init_sgb |    00000230  _init_fon |    00000241  _init_pal
     000002A6  _init_til |    00000300  _init_spr |    00000336  _init_sou
     00000363  _main     |    00000454  _get_terr |    00000520  _remove_i
     00000A78  _generate |    00000BB4  _generate |    00000E82  _display_
     00000F15  _prng     |    000010BC  _interpol |    00001127  _pirate_s
     00001154  _load_spr |    0000119A  _position |    000011F5  _show_men
     00001497  _change_i |    000014A3  _interact |    00001675  _attack  
     00001676  _check_in |    000016DC  _adjust_p |    000017F6  _check_mo
     000018D6  _load_sav |    000019FD  _save_dat |    00001AFC  _set_sgb_
     00001CE5  ___func_b |    00001CE5  _border_d |    00001D25  _border_d
     000038E5  _border_d |    00003FE5  _player_s |    00004047  _landscap
     0000419C  _phrase_l |    000050D8  _wellerma |    000050ED  _set_spri
     000050F2  _set_bkg_ |    000050F5  .set_pale |    00005114  _set_spri
     00005119  _set_bkg_ |    0000511C  .set_pale |    00005138  _hUGE_ini
     0000513C  _hUGE_ini |    00005147  _hUGE_mut |    0000514B  _hUGE_mut
     00005158  hUGE_mute |    00005172  _hUGE_set |    00005176  _hUGE_set
     0000517F  hUGE_init |    000053FA  hUGE_set_ |    000055A3  _hUGE_dos
     000055A3  _hUGE_dos |    000058B7  _set_vram |    000058C6  _set_win_
     000058CE  _set_bkg_ |    000058F8  .sgb_chec |    000058F8  _sgb_chec
     00005940  _sgb_tran |    00005945  .sgb_tran |    00005986  _printf  
     0000599F  _gb_decom |    000059A8  gb_decomp |    00005AAF  ___printf
     00005E46  _sprintf 
ASxxxx Linker V03.00 + NoICE + sdld,  page 4.
Hexadecimal  [32-Bits]

Area                       Addr        Size        Decimal Bytes (Attributes)
--------------------       ----        ----        ------- ----- ------------
_HEADER0               00000000    00000001 =           1. bytes (ABS,CON)

        Value  Global            Value  Global            Value  Global    
        -----  ------            -----  ------            -----  ------    
     00000020  .call_hl 
ASxxxx Linker V03.00 + NoICE + sdld,  page 5.
Hexadecimal  [32-Bits]

Area                       Addr        Size        Decimal Bytes (Attributes)
--------------------       ----        ----        ------- ----- ------------
_HEADER1               00000000    00000005 =           5. bytes (ABS,CON)

        Value  Global            Value  Global            Value  Global    
        -----  ------            -----  ------            -----  ------    
     00000028  .MemsetSm
ASxxxx Linker V03.00 + NoICE + sdld,  page 6.
Hexadecimal  [32-Bits]

Area                       Addr        Size        Decimal Bytes (Attributes)
--------------------       ----        ----        ------- ----- ------------
_HEADER2               00000000    00000007 =           7. bytes (ABS,CON)

        Value  Global            Value  Global            Value  Global    
        -----  ------            -----  ------            -----  ------    
     00000030  .MemcpySm
ASxxxx Linker V03.00 + NoICE + sdld,  page 7.
Hexadecimal  [32-Bits]

Area                       Addr        Size        Decimal Bytes (Attributes)
--------------------       ----        ----        ------- ----- ------------
_HEADER3               00000000    00000008 =           8. bytes (ABS,CON)

        Value  Global            Value  Global            Value  Global    
        -----  ------            -----  ------            -----  ------    
ASxxxx Linker V03.00 + NoICE + sdld,  page 8.
Hexadecimal  [32-Bits]

Area                       Addr        Size        Decimal Bytes (Attributes)
--------------------       ----        ----        ------- ----- ------------
_HEADER4               00000000    0000004E =          78. bytes (ABS,CON)

        Value  Global            Value  Global            Value  Global    
        -----  ------            -----  ------            -----  ------    
     00000080  .int      |    0000008F  _wait_int |    0000009C  __standar
     000000AC  _refresh_
ASxxxx Linker V03.00 + NoICE + sdld,  page 9.
Hexadecimal  [32-Bits]

Area                       Addr        Size        Decimal Bytes (Attributes)
--------------------       ----        ----        ------- ----- ------------
_HEADER5               00000000    00000002 =           2. bytes (ABS,CON)

        Value  Global            Value  Global            Value  Global    
        -----  ------            -----  ------            -----  ------    
ASxxxx Linker V03.00 + NoICE + sdld,  page 10.
Hexadecimal  [32-Bits]

Area                       Addr        Size        Decimal Bytes (Attributes)
--------------------       ----        ----        ------- ----- ------------
_HEADER6               00000000    00000030 =          48. bytes (ABS,CON)

        Value  Global            Value  Global            Value  Global    
        -----  ------            -----  ------            -----  ------    
ASxxxx Linker V03.00 + NoICE + sdld,  page 11.
Hexadecimal  [32-Bits]

Area                       Addr        Size        Decimal Bytes (Attributes)
--------------------       ----        ----        ------- ----- ------------
_HEADER7               00000000    00000006 =           6. bytes (ABS,CON)

        Value  Global            Value  Global            Value  Global    
        -----  ------            -----  ------            -----  ------    
ASxxxx Linker V03.00 + NoICE + sdld,  page 12.
Hexadecimal  [32-Bits]

Area                       Addr        Size        Decimal Bytes (Attributes)
--------------------       ----        ----        ------- ----- ------------
_HEADER8               00000000    00000003 =           3. bytes (ABS,CON)

        Value  Global            Value  Global            Value  Global    
        -----  ------            -----  ------            -----  ------    
ASxxxx Linker V03.00 + NoICE + sdld,  page 13.
Hexadecimal  [32-Bits]

Area                       Addr        Size        Decimal Bytes (Attributes)
--------------------       ----        ----        ------- ----- ------------
_HEADER9               00000000    00000001 =           1. bytes (ABS,CON)

        Value  Global            Value  Global            Value  Global    
        -----  ------            -----  ------            -----  ------    
ASxxxx Linker V03.00 + NoICE + sdld,  page 14.
Hexadecimal  [32-Bits]

Area                       Addr        Size        Decimal Bytes (Attributes)
--------------------       ----        ----        ------- ----- ------------
_HEADERa               00000000    00000001 =           1. bytes (ABS,CON)

        Value  Global            Value  Global            Value  Global    
        -----  ------            -----  ------            -----  ------    
ASxxxx Linker V03.00 + NoICE + sdld,  page 15.
Hexadecimal  [32-Bits]

Area                       Addr        Size        Decimal Bytes (Attributes)
--------------------       ----        ----        ------- ----- ------------
_HEADERb               00000000    00000001 =           1. bytes (ABS,CON)

        Value  Global            Value  Global            Value  Global    
        -----  ------            -----  ------            -----  ------    
ASxxxx Linker V03.00 + NoICE + sdld,  page 16.
Hexadecimal  [32-Bits]

Area                       Addr        Size        Decimal Bytes (Attributes)
--------------------       ----        ----        ------- ----- ------------
_HEADERc               00000000    00000002 =           2. bytes (ABS,CON)

        Value  Global            Value  Global            Value  Global    
        -----  ------            -----  ------            -----  ------    
ASxxxx Linker V03.00 + NoICE + sdld,  page 17.
Hexadecimal  [32-Bits]

Area                       Addr        Size        Decimal Bytes (Attributes)
--------------------       ----        ----        ------- ----- ------------
_HEADERd               00000000    00000001 =           1. bytes (ABS,CON)

        Value  Global            Value  Global            Value  Global    
        -----  ------            -----  ------            -----  ------    
ASxxxx Linker V03.00 + NoICE + sdld,  page 18.
Hexadecimal  [32-Bits]

Area                       Addr        Size        Decimal Bytes (Attributes)
--------------------       ----        ----        ------- ----- ------------
_HEADERe               00000000    00000001 =           1. bytes (ABS,CON)

        Value  Global            Value  Global            Value  Global    
        -----  ------            -----  ------            -----  ------    
ASxxxx Linker V03.00 + NoICE + sdld,  page 19.
Hexadecimal  [32-Bits]

Area                       Addr        Size        Decimal Bytes (Attributes)
--------------------       ----        ----        ------- ----- ------------
_HEADERf               00000000    00000002 =           2. bytes (ABS,CON)

        Value  Global            Value  Global            Value  Global    
        -----  ------            -----  ------            -----  ------    
ASxxxx Linker V03.00 + NoICE + sdld,  page 20.
Hexadecimal  [32-Bits]

Area                       Addr        Size        Decimal Bytes (Attributes)
--------------------       ----        ----        ------- ----- ------------
_HEADER10              00000000    00000082 =         130. bytes (ABS,CON)

        Value  Global            Value  Global            Value  Global    
        -----  ------            -----  ------            -----  ------    
     00000150  .reset    |    00000150  _reset    |    00000157  .code_sta
     000001B7  _exit     |    000001BB  _set_inte
ASxxxx Linker V03.00 + NoICE + sdld,  page 21.
Hexadecimal  [32-Bits]

Area                       Addr        Size        Decimal Bytes (Attributes)
--------------------       ----        ----        ------- ----- ------------
_HEADER11              00000000    00000001 =           1. bytes (ABS,CON)

        Value  Global            Value  Global            Value  Global    
        -----  ------            -----  ------            -----  ------    
ASxxxx Linker V03.00 + NoICE + sdld,  page 22.
Hexadecimal  [32-Bits]

Area                       Addr        Size        Decimal Bytes (Attributes)
--------------------       ----        ----        ------- ----- ------------
_HOME                  00005E67    00000B26 =        2854. bytes (REL,CON)

        Value  Global            Value  Global            Value  Global    
        -----  ------            -----  ------            -----  ------    
     00005E67  .memset_s |    00005E70  .memcpy_s |    00005E8D  .remove_V
     00005E90  .remove_i |    00005EAD  .add_VBL  |    00005EB0  .add_int 
     00005EBB  .wait_vbl |    00005EBB  _wait_vbl |    00005ECB  .display_
     00005ECB  _display_ |    00005EE3  _remove_V |    00005EEE  _add_VBL 
     00005EF9  _font_loa |    00005F00  font_load |    00005F48  font_copy
     00005F7E  font_set  |    00005F8B  .put_char |    00005FA3  .out_char
     00005FA9  .del_char |    00005FFF  _putchar  |    00006008  _setchar 
     00006011  _font_loa |    0000601F  _font_set |    0000602E  _font_ini
     0000604D  .cls      |    0000604D  _cls      |    0000606F  _gotoxy  
     0000607A  _posx     |    0000608B  _posy     |    000060B3  .cr_curs 
     000060C8  .adv_curs |    00006124  .tmode    |    0000614D  .tmode_ou
     00006156  _set_bkg_ |    00006156  _set_win_ |    0000615E  _set_spri
     000061B6  .padup    |    000061B6  _waitpadu |    000061C6  .jpad    
     000061C6  _joypad   |    000061EE  _waitpad  |    000061F1  .wait_pad
     000061F8  _set_tile |    000061FD  _set_bkg_ |    000061FD  _set_win_
     00006205  _set_spri |    00006235  _fill_bkg |    00006247  _color   
     00006247  _set_1bpp |    00006256  _memset   |    00006289  _clock   
     00006292  .drawing_ |    0000629D  .drawing_ |    000062D9  _add_LCD 
     000062E4  .add_LCD  |    000062EA  _remove_L |    000062F5  .remove_L
     000062FB  _font_ibm |    000066AD  _delay    |    000066B2  .delay   
     000066DE  _strcmp   |    000066FB  _set_bkg_ |    0000670F  __divsuch
     0000671C  __modsuch |    00006726  __divusch |    00006738  __modusch
     00006748  __divscha |    00006754  __modscha |    0000675E  __divsint
     0000676F  __modsint |    0000677E  __divucha |    0000678A  __moducha
     00006794  __divuint |    000067A5  __moduint |    000067B4  .div8    
     000067B4  .mod8     |    000067BC  .div16    |    000067BC  .mod16   
     000067F2  .divu8    |    000067F2  .modu8    |    000067F5  .divu16  
     000067F5  .modu16   |    00006836  .fill_rec |    0000683F  .fill_rec
     0000688C  .set_xy_w |    00006895  .set_xy_b |    000068A4  .set_xy_t
     000068E6  _uitoa    |    000068F5  _itoa     |    00006904  .itoa    
     00006918  .utoa     |    0000698C  ___sdcc_c
ASxxxx Linker V03.00 + NoICE + sdld,  page 23.
Hexadecimal  [32-Bits]

Area                       Addr        Size        Decimal Bytes (Attributes)
--------------------       ----        ----        ------- ----- ------------
_INITIALIZER           0000698D    0000004A =          74. bytes (REL,CON)

        Value  Global            Value  Global            Value  Global    
        -----  ------            -----  ------            -----  ------    
ASxxxx Linker V03.00 + NoICE + sdld,  page 24.
Hexadecimal  [32-Bits]

Area                       Addr        Size        Decimal Bytes (Attributes)
--------------------       ----        ----        ------- ----- ------------
_GSINIT                000069D7    0000000C =          12. bytes (REL,CON)

        Value  Global            Value  Global            Value  Global    
        -----  ------            -----  ------            -----  ------    
     000069D7  gsinit   
ASxxxx Linker V03.00 + NoICE + sdld,  page 25.
Hexadecimal  [32-Bits]

Area                       Addr        Size        Decimal Bytes (Attributes)
--------------------       ----        ----        ------- ----- ------------
_GSFINAL               000069E3    00000001 =           1. bytes (REL,CON)

        Value  Global            Value  Global            Value  Global    
        -----  ------            -----  ------            -----  ------    
ASxxxx Linker V03.00 + NoICE + sdld,  page 26.
Hexadecimal  [32-Bits]

Area                       Addr        Size        Decimal Bytes (Attributes)
--------------------       ----        ----        ------- ----- ------------
_DATA                  0000C0A0    0000034C =         844. bytes (REL,CON)

        Value  Global            Value  Global            Value  Global    
        -----  ------            -----  ------            -----  ------    
     0000C0A0  __cpu     |    0000C0A1  __is_GBA  |    0000C0A2  .mode    
     0000C0A3  .sys_time |    0000C0A3  _sys_time |    0000C0A5  .int_0x40
     0000C0B9  _p        |    0000C0CA  _arr_4kb  |    0000C2CA  _map     
     0000C324  _sprites  |    0000C37E  _delay_ti |    0000C380  font_curr
     0000C383  font_firs |    0000C384  font_tabl |    0000C3BB  _hUGE_cur
     0000C3DC  .int_0x48
ASxxxx Linker V03.00 + NoICE + sdld,  page 27.
Hexadecimal  [32-Bits]

Area                       Addr        Size        Decimal Bytes (Attributes)
--------------------       ----        ----        ------- ----- ------------
_INITIALIZED           0000C3EC    0000004A =          74. bytes (REL,CON)

        Value  Global            Value  Global            Value  Global    
        -----  ------            -----  ------            -----  ------    
     0000C3F0  _phrases  |    0000C430  .curx     |    0000C431  .cury    
     0000C432  .fg_colou |    0000C432  __current |    0000C433  .bg_colou
     0000C434  .draw_mod |    0000C435  __map_til
ASxxxx Linker V03.00 + NoICE + sdld,  page 28.
Hexadecimal  [32-Bits]

Area                       Addr        Size        Decimal Bytes (Attributes)
--------------------       ----        ----        ------- ----- ------------
_HRAM12                00000000    00000003 =           3. bytes (ABS,CON)

        Value  Global            Value  Global            Value  Global    
        -----  ------            -----  ------            -----  ------    
     0000FF90  __current |    0000FF92  __shadow_
ASxxxx Linker V03.00 + NoICE + sdld,  page 29.
Hexadecimal  [32-Bits]

Area                       Addr        Size        Decimal Bytes (Attributes)
--------------------       ----        ----        ------- ----- ------------
_FONT_HEADER0          00000000    00000003 =           3. bytes (ABS,CON)

        Value  Global            Value  Global            Value  Global    
        -----  ------            -----  ------            -----  ------    
ASxxxx Linker V03.00 + NoICE + sdld,  page 30.
Hexadecimal  [32-Bits]

Area                       Addr        Size        Decimal Bytes (Attributes)
--------------------       ----        ----        ------- ----- ------------
_HEADER_LCD0           00000000    00000003 =           3. bytes (ABS,CON)

        Value  Global            Value  Global            Value  Global    
        -----  ------            -----  ------            -----  ------    
ASxxxx Linker V03.00 + NoICE + sdld,  page 31.

Files Linked                              [ module(s) ]

/home/spence/GitHub/gbdk//lib/small/asxxxx/gb/crt0.o
                                          [ Runtime ]
.obj/gbc/init.o                           [ init ]
.obj/gbc/main.o                           [ main ]
.obj/gbc/map.o                            [ map ]
.obj/gbc/noise.o                          [ noise ]
.obj/gbc/pirate.o                         [ pirate ]
.obj/gbc/player.o                         [ player ]
.obj/gbc/save.o                           [ save ]
.obj/gbc/sgb_border.o                     [ sgb_border ]
.obj/gbc/border_data.o                    [ border_data ]
.obj/gbc/sprites.o                        [ sprites ]
.obj/gbc/tiles.o                          [ tiles ]
.obj/gbc/vocab.o                          [ vocab ]
.obj/gbc/wellerman.o                      [ wellerman ]


Libraries Linked                          [ object file ]

/home/spence/GitHub/gbdk//lib/small/asxxxx/gb/gb.lib
                                          [ cgb_palettes.o ]
/home/spence/GitHub/gbdk//lib/small/asxxxx/gb/gb.lib
                                          [ font.o ]
res/hUGEDriver.lib                        [ hUGEDriver.obj.o ]
/home/spence/GitHub/gbdk//lib/small/asxxxx/gb/gb.lib
                                          [ sfr.o ]
/home/spence/GitHub/gbdk//lib/small/asxxxx/gb/gb.lib
                                          [ set_1bit_data.o ]
/home/spence/GitHub/gbdk//lib/small/asxxxx/gb/gb.lib
                                          [ pad.o ]
/home/spence/GitHub/gbdk//lib/small/asxxxx/gb/gb.lib
                                          [ set_data.o ]
/home/spence/GitHub/gbdk//lib/small/asxxxx/gb/gb.lib
                                          [ set_tile.o ]
/home/spence/GitHub/gbdk//lib/small/asxxxx/gb/gb.lib
                                          [ sgb.o ]
/home/spence/GitHub/gbdk//lib/small/asxxxx/gb/gb.lib
                                          [ fill_rect_bk.o ]
/home/spence/GitHub/gbdk//lib/small/asxxxx/gb/gb.lib
                                          [ color.o ]
/home/spence/GitHub/gbdk//lib/small/asxxxx/gbz80/gbz80.lib
                                          [ _memset.o ]
/home/spence/GitHub/gbdk//lib/small/asxxxx/gb/gb.lib
                                          [ clock.o ]
/home/spence/GitHub/gbdk//lib/small/asxxxx/gb/gb.lib
                                          [ drawing_isr.o ]
/home/spence/GitHub/gbdk//lib/small/asxxxx/gb/gb.lib
                                          [ lcd.o ]
/home/spence/GitHub/gbdk//lib/small/asxxxx/gb/gb.lib
                                          [ f_ibm_sh.o ]
/home/spence/GitHub/gbdk//lib/small/asxxxx/gb/gb.lib
                                          [ delay.o ]
/home/spence/GitHub/gbdk//lib/small/asxxxx/gbz80/gbz80.lib
                                          [ printf.o ]
/home/spence/GitHub/gbdk//lib/small/asxxxx/gbz80/gbz80.lib
                                          [ _strcmp.o ]
/home/spence/GitHub/gbdk//lib/small/asxxxx/gb/gb.lib
                                          [ gb_decompress.o ]
/home/spence/GitHub/gbdk//lib/small/asxxxx/gb/gb.lib
                                          [ set_bk_t.o ]
/home/spence/GitHub/gbdk//lib/small/asxxxx/gbz80/gbz80.lib
                                          [ div.o ]
/home/spence/GitHub/gbdk//lib/small/asxxxx/gb/gb.lib
                                          [ fill_rect.o ]
/home/spence/GitHub/gbdk//lib/small/asxxxx/gbz80/gbz80.lib
                                          [ sprintf.o ]
/home/spence/GitHub/gbdk//lib/small/asxxxx/gb/gb.lib
                                          [ set_xy_t.o ]
/home/spence/GitHub/gbdk//lib/small/asxxxx/gbz80/gbz80.lib
                                          [ itoa.o ]
/home/spence/GitHub/gbdk//lib/small/asxxxx/gbz80/gbz80.lib
                                          [ __sdcc_call_hl.o ]

ASxxxx Linker V03.00 + NoICE + sdld,  page 32.

User Base Address Definitions

_DATA=0xC0A0
_CODE=0x0200
ASxxxx Linker V03.00 + NoICE + sdld,  page 33.

User Global Definitions

_shadow_OAM=0xC000
.STACK=0xE000
.refresh_OAM=0xFF80

