ASxxxx Linker V03.00 + NoICE + sdld,  page 1.
Hexadecimal  [32-Bits]

Area                       Addr        Size        Decimal Bytes (Attributes)
--------------------       ----        ----        ------- ----- ------------
.  .ABS.               00000000    00000000 =           0. bytes (ABS,CON)

        Value  Global            Value  Global            Value  Global    
        -----  ------            -----  ------            -----  ------    
     00000000  .__.ABS.  |    00000000  ___bank_b |    00000000  _rRAMG   
     00000000  l__BASE   |    00000000  l__BSS    |    00000000  l__CABS  
     00000000  l__CODE_0 |    00000000  l__DABS   |    00000000  l__FONT_H
     00000000  l__HEADER |    00000000  l__HEADER |    00000000  l__HEAP  
     00000000  l__HRAM   |    00000000  l__LIT    |    00000000  s__CABS  
     00000000  s__DABS   |    00000000  s__FONT_H |    00000000  s__FONT_H
     00000000  s__HEADER |    00000000  s__HEADER |    00000000  s__HEADER
     00000000  s__HEADER |    00000000  s__HEADER |    00000000  s__HEADER
     00000000  s__HEADER |    00000000  s__HEADER |    00000000  s__HEADER
     00000000  s__HEADER |    00000000  s__HEADER |    00000000  s__HEADER
     00000000  s__HEADER |    00000000  s__HEADER |    00000000  s__HEADER
     00000000  s__HEADER |    00000000  s__HEADER |    00000000  s__HEADER
     00000000  s__HEADER |    00000000  s__HEADER |    00000000  s__HEADER
     00000000  s__HRAM   |    00000000  s__HRAM12 |    00000001  l__GSFINA
     00000001  l__HEADER |    00000001  l__HEADER |    00000001  l__HEADER
     00000001  l__HEADER |    00000001  l__HEADER |    00000001  l__HEADER
     00000001  l__HEADER |    00000002  l__HEADER |    00000002  l__HEADER
     00000002  l__HEADER |    00000003  l__FONT_H |    00000003  l__HEADER
     00000003  l__HEADER |    00000003  l__HRAM12 |    00000005  l__HEADER
     00000006  l__HEADER |    00000007  l__HEADER |    00000008  l__HEADER
     0000000C  l__GSINIT |    0000002C  l__INITIA |    0000002C  l__INITIA
     00000030  l__HEADER |    0000004E  l__HEADER |    00000082  l__HEADER
     00000200  s__CODE   |    000002EC  l__DATA   |    00000B26  l__HOME  
     00002000  _rROMB0   |    00003000  _rROMB1   |    00003BC7  l__CODE  
     00003DC7  s__HOME   |    00004000  _rRAMB    |    000048ED  s__BASE  
     000048ED  s__CODE_0 |    000048ED  s__INITIA |    000048ED  s__LIT   
     00004919  s__GSINIT |    00004925  s__GSFINA |    00008000  __VRAM   
     00008000  __VRAM800 |    00008800  __VRAM880 |    00009000  __VRAM900
     00009800  __SCRN0   |    00009C00  __SCRN1   |    0000A000  __SRAM   
     0000C000  __RAM     |    0000C000  _shadow_O |    0000C0A0  s__DATA  
     0000C38C  s__BSS    |    0000C38C  s__INITIA |    0000C3B8  s__HEAP  
     0000D000  __RAMBANK |    0000E000  .STACK    |    0000FE00  __OAMRAM 
     0000FF00  _P1_REG   |    0000FF00  __IO      |    0000FF01  _SB_REG  
     0000FF02  _SC_REG   |    0000FF04  _DIV_REG  |    0000FF05  _TIMA_REG
     0000FF06  _TMA_REG  |    0000FF07  _TAC_REG  |    0000FF0F  _IF_REG  
     0000FF10  _NR10_REG |    0000FF11  _NR11_REG |    0000FF12  _NR12_REG
     0000FF13  _NR13_REG |    0000FF14  _NR14_REG |    0000FF16  _NR21_REG
     0000FF17  _NR22_REG |    0000FF18  _NR23_REG |    0000FF19  _NR24_REG
     0000FF1A  _NR30_REG |    0000FF1B  _NR31_REG |    0000FF1C  _NR32_REG
     0000FF1D  _NR33_REG |    0000FF1E  _NR34_REG |    0000FF20  _NR41_REG
     0000FF21  _NR42_REG |    0000FF22  _NR43_REG |    0000FF23  _NR44_REG
     0000FF24  _NR50_REG |    0000FF25  _NR51_REG |    0000FF26  _NR52_REG
     0000FF30  _AUD3WAVE |    0000FF30  _PCM_SAMP |    0000FF30  __AUD3WAV
     0000FF40  _LCDC_REG |    0000FF41  _STAT_REG |    0000FF42  _SCY_REG 
     0000FF43  _SCX_REG  |    0000FF44  _LY_REG   |    0000FF45  _LYC_REG 
     0000FF46  _DMA_REG  |    0000FF47  _BGP_REG  |    0000FF48  _OBP0_REG
     0000FF49  _OBP1_REG |    0000FF4A  _WY_REG   |    0000FF4B  _WX_REG  
     0000FF4D  _KEY1_REG |    0000FF4F  _VBK_REG  |    0000FF51  _HDMA1_RE
     0000FF52  _HDMA2_RE |    0000FF53  _HDMA3_RE |    0000FF54  _HDMA4_RE
     0000FF55  _HDMA5_RE |    0000FF56  _RP_REG   |    0000FF68  _BCPS_REG
ASxxxx Linker V03.00 + NoICE + sdld,  page 2.
Hexadecimal  [32-Bits]

Area                       Addr        Size        Decimal Bytes (Attributes)
--------------------       ----        ----        ------- ----- ------------
.  .ABS.               00000000    00000000 =           0. bytes (ABS,CON)

        Value  Global            Value  Global            Value  Global    
        -----  ------            -----  ------            -----  ------    
     0000FF69  _BCPD_REG |    0000FF6A  _OCPS_REG |    0000FF6B  _OCPD_REG
     0000FF70  _SVBK_REG |    0000FF76  _PCM12_RE |    0000FF77  _PCM34_RE
     0000FF80  .refresh_ |    0000FF80  __HRAM    |    0000FFFF  _IE_REG  
ASxxxx Linker V03.00 + NoICE + sdld,  page 3.
Hexadecimal  [32-Bits]

Area                       Addr        Size        Decimal Bytes (Attributes)
--------------------       ----        ----        ------- ----- ------------
_CODE                  00000200    00003BC7 =       15303. bytes (REL,CON)

        Value  Global            Value  Global            Value  Global    
        -----  ------            -----  ------            -----  ------    
     00000200  _init_sgb |    00000230  _init_fon |    00000241  _init_pal
     00000244  _init_til |    0000029E  _init_spr |    000002D4  _init_sou
     00000301  _main     |    000003CB  _get_terr |    00000467  _remove_i
     00000904  _generate |    000009E4  _generate |    00000BF1  _display_
     00000D6D  _interpol |    0000111E  _pirate_s |    00001149  _load_spr
     0000118F  _position |    000011EA  _show_men |    0000144D  _change_i
     00001459  _interact |    000015EB  _attack   |    000015EC  _check_in
     000016EB  _check_mo |    00001779  _load_sav |    00001876  _save_dat
     0000195B  _set_sgb_ |    00001B44  ___func_b |    00001B44  _border_d
     00001B64  _border_d |    00001BA4  _border_d |    000022A4  _player_s
     00002306  _landscap |    0000245B  _phrase_l |    00002FFA  _wellerma
     0000300F  _prng     |    00003034  _hUGE_ini |    00003038  _hUGE_ini
     00003043  _hUGE_mut |    00003047  _hUGE_mut |    00003054  hUGE_mute
     0000306E  _hUGE_set |    00003072  _hUGE_set |    0000307B  hUGE_init
     000032F6  hUGE_set_ |    0000349F  _hUGE_dos |    0000349F  _hUGE_dos
     000037B3  _set_vram |    000037C2  _set_win_ |    000037CA  _set_bkg_
     000037F4  .sgb_chec |    000037F4  _sgb_chec |    0000383C  _sgb_tran
     00003841  .sgb_tran |    00003882  _printf   |    0000389B  _gb_decom
     000038A4  gb_decomp |    00003901  _cgb_comp |    00003901  _set_defa
     0000391A  _set_spri |    0000391F  _set_bkg_ |    00003922  .set_pale
     00003941  _set_spri |    00003946  _set_bkg_ |    00003949  .set_pale
     00003A0F  ___printf |    00003DA6  _sprintf 
ASxxxx Linker V03.00 + NoICE + sdld,  page 4.
Hexadecimal  [32-Bits]

Area                       Addr        Size        Decimal Bytes (Attributes)
--------------------       ----        ----        ------- ----- ------------
_HEADER0               00000000    00000001 =           1. bytes (ABS,CON)

        Value  Global            Value  Global            Value  Global    
        -----  ------            -----  ------            -----  ------    
     00000020  .call_hl 
ASxxxx Linker V03.00 + NoICE + sdld,  page 5.
Hexadecimal  [32-Bits]

Area                       Addr        Size        Decimal Bytes (Attributes)
--------------------       ----        ----        ------- ----- ------------
_HEADER1               00000000    00000005 =           5. bytes (ABS,CON)

        Value  Global            Value  Global            Value  Global    
        -----  ------            -----  ------            -----  ------    
     00000028  .MemsetSm
ASxxxx Linker V03.00 + NoICE + sdld,  page 6.
Hexadecimal  [32-Bits]

Area                       Addr        Size        Decimal Bytes (Attributes)
--------------------       ----        ----        ------- ----- ------------
_HEADER2               00000000    00000007 =           7. bytes (ABS,CON)

        Value  Global            Value  Global            Value  Global    
        -----  ------            -----  ------            -----  ------    
     00000030  .MemcpySm
ASxxxx Linker V03.00 + NoICE + sdld,  page 7.
Hexadecimal  [32-Bits]

Area                       Addr        Size        Decimal Bytes (Attributes)
--------------------       ----        ----        ------- ----- ------------
_HEADER3               00000000    00000008 =           8. bytes (ABS,CON)

        Value  Global            Value  Global            Value  Global    
        -----  ------            -----  ------            -----  ------    
ASxxxx Linker V03.00 + NoICE + sdld,  page 8.
Hexadecimal  [32-Bits]

Area                       Addr        Size        Decimal Bytes (Attributes)
--------------------       ----        ----        ------- ----- ------------
_HEADER4               00000000    0000004E =          78. bytes (ABS,CON)

        Value  Global            Value  Global            Value  Global    
        -----  ------            -----  ------            -----  ------    
     00000080  .int      |    0000008F  _wait_int |    0000009C  __standar
     000000AC  _refresh_
ASxxxx Linker V03.00 + NoICE + sdld,  page 9.
Hexadecimal  [32-Bits]

Area                       Addr        Size        Decimal Bytes (Attributes)
--------------------       ----        ----        ------- ----- ------------
_HEADER5               00000000    00000002 =           2. bytes (ABS,CON)

        Value  Global            Value  Global            Value  Global    
        -----  ------            -----  ------            -----  ------    
ASxxxx Linker V03.00 + NoICE + sdld,  page 10.
Hexadecimal  [32-Bits]

Area                       Addr        Size        Decimal Bytes (Attributes)
--------------------       ----        ----        ------- ----- ------------
_HEADER6               00000000    00000030 =          48. bytes (ABS,CON)

        Value  Global            Value  Global            Value  Global    
        -----  ------            -----  ------            -----  ------    
ASxxxx Linker V03.00 + NoICE + sdld,  page 11.
Hexadecimal  [32-Bits]

Area                       Addr        Size        Decimal Bytes (Attributes)
--------------------       ----        ----        ------- ----- ------------
_HEADER7               00000000    00000006 =           6. bytes (ABS,CON)

        Value  Global            Value  Global            Value  Global    
        -----  ------            -----  ------            -----  ------    
ASxxxx Linker V03.00 + NoICE + sdld,  page 12.
Hexadecimal  [32-Bits]

Area                       Addr        Size        Decimal Bytes (Attributes)
--------------------       ----        ----        ------- ----- ------------
_HEADER8               00000000    00000003 =           3. bytes (ABS,CON)

        Value  Global            Value  Global            Value  Global    
        -----  ------            -----  ------            -----  ------    
ASxxxx Linker V03.00 + NoICE + sdld,  page 13.
Hexadecimal  [32-Bits]

Area                       Addr        Size        Decimal Bytes (Attributes)
--------------------       ----        ----        ------- ----- ------------
_HEADER9               00000000    00000001 =           1. bytes (ABS,CON)

        Value  Global            Value  Global            Value  Global    
        -----  ------            -----  ------            -----  ------    
ASxxxx Linker V03.00 + NoICE + sdld,  page 14.
Hexadecimal  [32-Bits]

Area                       Addr        Size        Decimal Bytes (Attributes)
--------------------       ----        ----        ------- ----- ------------
_HEADERa               00000000    00000001 =           1. bytes (ABS,CON)

        Value  Global            Value  Global            Value  Global    
        -----  ------            -----  ------            -----  ------    
ASxxxx Linker V03.00 + NoICE + sdld,  page 15.
Hexadecimal  [32-Bits]

Area                       Addr        Size        Decimal Bytes (Attributes)
--------------------       ----        ----        ------- ----- ------------
_HEADERb               00000000    00000001 =           1. bytes (ABS,CON)

        Value  Global            Value  Global            Value  Global    
        -----  ------            -----  ------            -----  ------    
ASxxxx Linker V03.00 + NoICE + sdld,  page 16.
Hexadecimal  [32-Bits]

Area                       Addr        Size        Decimal Bytes (Attributes)
--------------------       ----        ----        ------- ----- ------------
_HEADERc               00000000    00000002 =           2. bytes (ABS,CON)

        Value  Global            Value  Global            Value  Global    
        -----  ------            -----  ------            -----  ------    
ASxxxx Linker V03.00 + NoICE + sdld,  page 17.
Hexadecimal  [32-Bits]

Area                       Addr        Size        Decimal Bytes (Attributes)
--------------------       ----        ----        ------- ----- ------------
_HEADERd               00000000    00000001 =           1. bytes (ABS,CON)

        Value  Global            Value  Global            Value  Global    
        -----  ------            -----  ------            -----  ------    
ASxxxx Linker V03.00 + NoICE + sdld,  page 18.
Hexadecimal  [32-Bits]

Area                       Addr        Size        Decimal Bytes (Attributes)
--------------------       ----        ----        ------- ----- ------------
_HEADERe               00000000    00000001 =           1. bytes (ABS,CON)

        Value  Global            Value  Global            Value  Global    
        -----  ------            -----  ------            -----  ------    
ASxxxx Linker V03.00 + NoICE + sdld,  page 19.
Hexadecimal  [32-Bits]

Area                       Addr        Size        Decimal Bytes (Attributes)
--------------------       ----        ----        ------- ----- ------------
_HEADERf               00000000    00000002 =           2. bytes (ABS,CON)

        Value  Global            Value  Global            Value  Global    
        -----  ------            -----  ------            -----  ------    
ASxxxx Linker V03.00 + NoICE + sdld,  page 20.
Hexadecimal  [32-Bits]

Area                       Addr        Size        Decimal Bytes (Attributes)
--------------------       ----        ----        ------- ----- ------------
_HEADER10              00000000    00000082 =         130. bytes (ABS,CON)

        Value  Global            Value  Global            Value  Global    
        -----  ------            -----  ------            -----  ------    
     00000150  .reset    |    00000150  _reset    |    00000157  .code_sta
     000001B7  _exit     |    000001BB  _set_inte
ASxxxx Linker V03.00 + NoICE + sdld,  page 21.
Hexadecimal  [32-Bits]

Area                       Addr        Size        Decimal Bytes (Attributes)
--------------------       ----        ----        ------- ----- ------------
_HEADER11              00000000    00000001 =           1. bytes (ABS,CON)

        Value  Global            Value  Global            Value  Global    
        -----  ------            -----  ------            -----  ------    
ASxxxx Linker V03.00 + NoICE + sdld,  page 22.
Hexadecimal  [32-Bits]

Area                       Addr        Size        Decimal Bytes (Attributes)
--------------------       ----        ----        ------- ----- ------------
_HOME                  00003DC7    00000B26 =        2854. bytes (REL,CON)

        Value  Global            Value  Global            Value  Global    
        -----  ------            -----  ------            -----  ------    
     00003DC7  .memset_s |    00003DD0  .memcpy_s |    00003DED  .remove_V
     00003DF0  .remove_i |    00003E0D  .add_VBL  |    00003E10  .add_int 
     00003E1B  .wait_vbl |    00003E1B  _wait_vbl |    00003E2B  .display_
     00003E2B  _display_ |    00003E43  _remove_V |    00003E4E  _add_VBL 
     00003E59  _font_loa |    00003E60  font_load |    00003EA8  font_copy
     00003EDE  font_set  |    00003EEB  .put_char |    00003F03  .out_char
     00003F09  .del_char |    00003F5F  _putchar  |    00003F68  _setchar 
     00003F71  _font_loa |    00003F7F  _font_set |    00003F8E  _font_ini
     00003FAD  .cls      |    00003FAD  _cls      |    00003FCF  _gotoxy  
     00003FDA  _posx     |    00003FEB  _posy     |    00004013  .cr_curs 
     00004028  .adv_curs |    00004084  .tmode    |    000040AD  .tmode_ou
     000040B6  _set_bkg_ |    000040B6  _set_win_ |    000040BE  _set_spri
     00004116  .padup    |    00004116  _waitpadu |    00004126  .jpad    
     00004126  _joypad   |    0000414E  _waitpad  |    00004151  .wait_pad
     00004158  _set_tile |    0000415D  _set_bkg_ |    0000415D  _set_win_
     00004165  _set_spri |    00004195  _fill_bkg |    000041A7  _color   
     000041A7  _set_1bpp |    000041B6  _memset   |    000041E9  _clock   
     000041F2  .drawing_ |    000041FD  .drawing_ |    00004239  _add_LCD 
     00004244  .add_LCD  |    0000424A  _remove_L |    00004255  .remove_L
     0000425B  _font_ibm |    0000460D  _delay    |    00004612  .delay   
     0000463E  _strcmp   |    0000465B  __divsuch |    00004668  __modsuch
     00004672  __divusch |    00004684  __modusch |    00004694  __divscha
     000046A0  __modscha |    000046AA  __divsint |    000046BB  __modsint
     000046CA  __divucha |    000046D6  __moducha |    000046E0  __divuint
     000046F1  __moduint |    00004700  .div8     |    00004700  .mod8    
     00004708  .div16    |    00004708  .mod16    |    0000473E  .divu8   
     0000473E  .modu8    |    00004741  .divu16   |    00004741  .modu16  
     00004782  _set_bkg_ |    00004796  .fill_rec |    0000479F  .fill_rec
     000047EC  .set_xy_w |    000047F5  .set_xy_b |    00004804  .set_xy_t
     00004846  _uitoa    |    00004855  _itoa     |    00004864  .itoa    
     00004878  .utoa     |    000048EC  ___sdcc_c
ASxxxx Linker V03.00 + NoICE + sdld,  page 23.
Hexadecimal  [32-Bits]

Area                       Addr        Size        Decimal Bytes (Attributes)
--------------------       ----        ----        ------- ----- ------------
_INITIALIZER           000048ED    0000002C =          44. bytes (REL,CON)

        Value  Global            Value  Global            Value  Global    
        -----  ------            -----  ------            -----  ------    
ASxxxx Linker V03.00 + NoICE + sdld,  page 24.
Hexadecimal  [32-Bits]

Area                       Addr        Size        Decimal Bytes (Attributes)
--------------------       ----        ----        ------- ----- ------------
_GSINIT                00004919    0000000C =          12. bytes (REL,CON)

        Value  Global            Value  Global            Value  Global    
        -----  ------            -----  ------            -----  ------    
     00004919  gsinit   
ASxxxx Linker V03.00 + NoICE + sdld,  page 25.
Hexadecimal  [32-Bits]

Area                       Addr        Size        Decimal Bytes (Attributes)
--------------------       ----        ----        ------- ----- ------------
_GSFINAL               00004925    00000001 =           1. bytes (REL,CON)

        Value  Global            Value  Global            Value  Global    
        -----  ------            -----  ------            -----  ------    
ASxxxx Linker V03.00 + NoICE + sdld,  page 26.
Hexadecimal  [32-Bits]

Area                       Addr        Size        Decimal Bytes (Attributes)
--------------------       ----        ----        ------- ----- ------------
_DATA                  0000C0A0    000002EC =         748. bytes (REL,CON)

        Value  Global            Value  Global            Value  Global    
        -----  ------            -----  ------            -----  ------    
     0000C0A0  __cpu     |    0000C0A1  __is_GBA  |    0000C0A2  .mode    
     0000C0A3  .sys_time |    0000C0A3  _sys_time |    0000C0A5  .int_0x40
     0000C0B9  _p        |    0000C0C4  _arr_4kb  |    0000C2C4  _map     
     0000C31E  _delay_ti |    0000C320  font_curr |    0000C323  font_firs
     0000C324  font_tabl |    0000C35B  _hUGE_cur |    0000C37C  .int_0x48
ASxxxx Linker V03.00 + NoICE + sdld,  page 27.
Hexadecimal  [32-Bits]

Area                       Addr        Size        Decimal Bytes (Attributes)
--------------------       ----        ----        ------- ----- ------------
_INITIALIZED           0000C38C    0000002C =          44. bytes (REL,CON)

        Value  Global            Value  Global            Value  Global    
        -----  ------            -----  ------            -----  ------    
     0000C390  _phrases  |    0000C3B2  .curx     |    0000C3B3  .cury    
     0000C3B4  .fg_colou |    0000C3B4  __current |    0000C3B5  .bg_colou
     0000C3B6  .draw_mod |    0000C3B7  __map_til
ASxxxx Linker V03.00 + NoICE + sdld,  page 28.
Hexadecimal  [32-Bits]

Area                       Addr        Size        Decimal Bytes (Attributes)
--------------------       ----        ----        ------- ----- ------------
_HRAM12                00000000    00000003 =           3. bytes (ABS,CON)

        Value  Global            Value  Global            Value  Global    
        -----  ------            -----  ------            -----  ------    
     0000FF90  __current |    0000FF92  __shadow_
ASxxxx Linker V03.00 + NoICE + sdld,  page 29.
Hexadecimal  [32-Bits]

Area                       Addr        Size        Decimal Bytes (Attributes)
--------------------       ----        ----        ------- ----- ------------
_FONT_HEADER0          00000000    00000003 =           3. bytes (ABS,CON)

        Value  Global            Value  Global            Value  Global    
        -----  ------            -----  ------            -----  ------    
ASxxxx Linker V03.00 + NoICE + sdld,  page 30.
Hexadecimal  [32-Bits]

Area                       Addr        Size        Decimal Bytes (Attributes)
--------------------       ----        ----        ------- ----- ------------
_HEADER_LCD0           00000000    00000003 =           3. bytes (ABS,CON)

        Value  Global            Value  Global            Value  Global    
        -----  ------            -----  ------            -----  ------    
ASxxxx Linker V03.00 + NoICE + sdld,  page 31.

Files Linked                              [ module(s) ]

/home/spence/GitHub/gbdk//lib/small/asxxxx/gb/crt0.o
                                          [ Runtime ]
.obj/gbc/init.o                           [ init ]
.obj/gbc/main.o                           [ main ]
.obj/gbc/map.o                            [ map ]
.obj/gbc/noise.o                          [ noise ]
.obj/gbc/pirate.o                         [ pirate ]
.obj/gbc/player.o                         [ player ]
.obj/gbc/save.o                           [ save ]
.obj/gbc/sgb_border.o                     [ sgb_border ]
.obj/gbc/border_data.o                    [ border_data ]
.obj/gbc/sprites.o                        [ sprites ]
.obj/gbc/tiles.o                          [ tiles ]
.obj/gbc/vocab.o                          [ vocab ]
.obj/gbc/wellerman.o                      [ wellerman ]
.obj/gbc/prng.o                           [  ]


Libraries Linked                          [ object file ]

/home/spence/GitHub/gbdk//lib/small/asxxxx/gb/gb.lib
                                          [ font.o ]
res/hUGEDriver.lib                        [ hUGEDriver.obj.o ]
/home/spence/GitHub/gbdk//lib/small/asxxxx/gb/gb.lib
                                          [ sfr.o ]
/home/spence/GitHub/gbdk//lib/small/asxxxx/gb/gb.lib
                                          [ set_1bit_data.o ]
/home/spence/GitHub/gbdk//lib/small/asxxxx/gb/gb.lib
                                          [ pad.o ]
/home/spence/GitHub/gbdk//lib/small/asxxxx/gb/gb.lib
                                          [ set_data.o ]
/home/spence/GitHub/gbdk//lib/small/asxxxx/gb/gb.lib
                                          [ set_tile.o ]
/home/spence/GitHub/gbdk//lib/small/asxxxx/gb/gb.lib
                                          [ sgb.o ]
/home/spence/GitHub/gbdk//lib/small/asxxxx/gb/gb.lib
                                          [ fill_rect_bk.o ]
/home/spence/GitHub/gbdk//lib/small/asxxxx/gb/gb.lib
                                          [ color.o ]
/home/spence/GitHub/gbdk//lib/small/asxxxx/gbz80/gbz80.lib
                                          [ _memset.o ]
/home/spence/GitHub/gbdk//lib/small/asxxxx/gb/gb.lib
                                          [ clock.o ]
/home/spence/GitHub/gbdk//lib/small/asxxxx/gb/gb.lib
                                          [ drawing_isr.o ]
/home/spence/GitHub/gbdk//lib/small/asxxxx/gb/gb.lib
                                          [ lcd.o ]
/home/spence/GitHub/gbdk//lib/small/asxxxx/gb/gb.lib
                                          [ f_ibm_sh.o ]
/home/spence/GitHub/gbdk//lib/small/asxxxx/gb/gb.lib
                                          [ delay.o ]
/home/spence/GitHub/gbdk//lib/small/asxxxx/gbz80/gbz80.lib
                                          [ printf.o ]
/home/spence/GitHub/gbdk//lib/small/asxxxx/gbz80/gbz80.lib
                                          [ _strcmp.o ]
/home/spence/GitHub/gbdk//lib/small/asxxxx/gbz80/gbz80.lib
                                          [ div.o ]
/home/spence/GitHub/gbdk//lib/small/asxxxx/gb/gb.lib
                                          [ gb_decompress.o ]
/home/spence/GitHub/gbdk//lib/small/asxxxx/gb/gb.lib
                                          [ cgb_compat.o ]
/home/spence/GitHub/gbdk//lib/small/asxxxx/gb/gb.lib
                                          [ set_bk_t.o ]
/home/spence/GitHub/gbdk//lib/small/asxxxx/gb/gb.lib
                                          [ fill_rect.o ]
/home/spence/GitHub/gbdk//lib/small/asxxxx/gb/gb.lib
                                          [ cgb_palettes.o ]
/home/spence/GitHub/gbdk//lib/small/asxxxx/gbz80/gbz80.lib
                                          [ sprintf.o ]
/home/spence/GitHub/gbdk//lib/small/asxxxx/gb/gb.lib
                                          [ set_xy_t.o ]
/home/spence/GitHub/gbdk//lib/small/asxxxx/gbz80/gbz80.lib
                                          [ itoa.o ]
/home/spence/GitHub/gbdk//lib/small/asxxxx/gbz80/gbz80.lib
                                          [ __sdcc_call_hl.o ]

ASxxxx Linker V03.00 + NoICE + sdld,  page 32.

User Base Address Definitions

_DATA=0xC0A0
_CODE=0x0200
ASxxxx Linker V03.00 + NoICE + sdld,  page 33.

User Global Definitions

_shadow_OAM=0xC000
.STACK=0xE000
.refresh_OAM=0xFF80

